Archive member included because of file (symbol)

/home/jaguar/Documents/FreeRtos/USB_project/pheri_usb_custom_proj/workspace3_BulkEP _cleanup/lpc_board_nxp_lpcxpresso_1769/Debug/liblpc_board_nxp_lpcxpresso_1769.a(board.o)
                              ./example/src/hid_main.o (Board_Init)
/home/jaguar/Documents/FreeRtos/USB_project/pheri_usb_custom_proj/workspace3_BulkEP _cleanup/lpc_board_nxp_lpcxpresso_1769/Debug/liblpc_board_nxp_lpcxpresso_1769.a(board_sysinit.o)
                              ./example/src/sysinit.o (Board_SystemInit)
/home/jaguar/Documents/FreeRtos/USB_project/pheri_usb_custom_proj/workspace3_BulkEP _cleanup/lpc_chip_175x_6x/Debug/liblpc_chip_175x_6x.a(chip_17xx_40xx.o)
                              ./example/src/hid_main.o (SystemCoreClockUpdate)
/home/jaguar/Documents/FreeRtos/USB_project/pheri_usb_custom_proj/workspace3_BulkEP _cleanup/lpc_chip_175x_6x/Debug/liblpc_chip_175x_6x.a(clock_17xx_40xx.o)
                              ./example/src/hid_main.o (Chip_Clock_EnablePLL)
/home/jaguar/Documents/FreeRtos/USB_project/pheri_usb_custom_proj/workspace3_BulkEP _cleanup/lpc_chip_175x_6x/Debug/liblpc_chip_175x_6x.a(i2s_17xx_40xx.o)
                              /home/jaguar/Documents/FreeRtos/USB_project/pheri_usb_custom_proj/workspace3_BulkEP _cleanup/lpc_board_nxp_lpcxpresso_1769/Debug/liblpc_board_nxp_lpcxpresso_1769.a(board.o) (Chip_I2S_Init)
/home/jaguar/Documents/FreeRtos/USB_project/pheri_usb_custom_proj/workspace3_BulkEP _cleanup/lpc_chip_175x_6x/Debug/liblpc_chip_175x_6x.a(iocon_17xx_40xx.o)
                              ./example/src/hid_main.o (Chip_IOCON_PinMux)
/home/jaguar/Documents/FreeRtos/USB_project/pheri_usb_custom_proj/workspace3_BulkEP _cleanup/lpc_chip_175x_6x/Debug/liblpc_chip_175x_6x.a(sysinit_17xx_40xx.o)
                              /home/jaguar/Documents/FreeRtos/USB_project/pheri_usb_custom_proj/workspace3_BulkEP _cleanup/lpc_board_nxp_lpcxpresso_1769/Debug/liblpc_board_nxp_lpcxpresso_1769.a(board_sysinit.o) (Chip_SetupXtalClocking)
/home/jaguar/Documents/FreeRtos/USB_project/pheri_usb_custom_proj/workspace3_BulkEP _cleanup/lpc_chip_175x_6x/Debug/liblpc_chip_175x_6x.a(uart_17xx_40xx.o)
                              /home/jaguar/Documents/FreeRtos/USB_project/pheri_usb_custom_proj/workspace3_BulkEP _cleanup/lpc_board_nxp_lpcxpresso_1769/Debug/liblpc_board_nxp_lpcxpresso_1769.a(board.o) (Chip_UART_Init)
/home/jaguar/Documents/FreeRtos/USB_project/pheri_usb_custom_proj/workspace3_BulkEP _cleanup/lpc_chip_175x_6x/Debug/liblpc_chip_175x_6x.a(ring_buffer.o)
                              /home/jaguar/Documents/FreeRtos/USB_project/pheri_usb_custom_proj/workspace3_BulkEP _cleanup/lpc_chip_175x_6x/Debug/liblpc_chip_175x_6x.a(uart_17xx_40xx.o) (RingBuffer_Insert)
/home/jaguar/Documents/FreeRtos/USB_project/pheri_usb_custom_proj/workspace3_BulkEP _cleanup/lpc_chip_175x_6x/libs/libusbd_175x_6x_lib.a(mw_usbd_rom_api.o)
                              ./example/src/hid_main.o (hid_api)
/home/jaguar/Documents/FreeRtos/USB_project/pheri_usb_custom_proj/workspace3_BulkEP _cleanup/lpc_chip_175x_6x/libs/libusbd_175x_6x_lib.a(hw_usbd_ip3503.o)
                              /home/jaguar/Documents/FreeRtos/USB_project/pheri_usb_custom_proj/workspace3_BulkEP _cleanup/lpc_chip_175x_6x/libs/libusbd_175x_6x_lib.a(mw_usbd_rom_api.o) (hwUSB_GetMemSize)
/home/jaguar/Documents/FreeRtos/USB_project/pheri_usb_custom_proj/workspace3_BulkEP _cleanup/lpc_chip_175x_6x/libs/libusbd_175x_6x_lib.a(mw_usbd_cdcuser.o)
                              /home/jaguar/Documents/FreeRtos/USB_project/pheri_usb_custom_proj/workspace3_BulkEP _cleanup/lpc_chip_175x_6x/libs/libusbd_175x_6x_lib.a(mw_usbd_rom_api.o) (mwCDC_SendNotification)
/home/jaguar/Documents/FreeRtos/USB_project/pheri_usb_custom_proj/workspace3_BulkEP _cleanup/lpc_chip_175x_6x/libs/libusbd_175x_6x_lib.a(mw_usbd_core.o)
                              /home/jaguar/Documents/FreeRtos/USB_project/pheri_usb_custom_proj/workspace3_BulkEP _cleanup/lpc_chip_175x_6x/libs/libusbd_175x_6x_lib.a(mw_usbd_rom_api.o) (mwUSB_SetupStage)
/home/jaguar/Documents/FreeRtos/USB_project/pheri_usb_custom_proj/workspace3_BulkEP _cleanup/lpc_chip_175x_6x/libs/libusbd_175x_6x_lib.a(mw_usbd_dfuuser.o)
                              /home/jaguar/Documents/FreeRtos/USB_project/pheri_usb_custom_proj/workspace3_BulkEP _cleanup/lpc_chip_175x_6x/libs/libusbd_175x_6x_lib.a(mw_usbd_rom_api.o) (mwDFU_GetMemSize)
/home/jaguar/Documents/FreeRtos/USB_project/pheri_usb_custom_proj/workspace3_BulkEP _cleanup/lpc_chip_175x_6x/libs/libusbd_175x_6x_lib.a(mw_usbd_hiduser.o)
                              /home/jaguar/Documents/FreeRtos/USB_project/pheri_usb_custom_proj/workspace3_BulkEP _cleanup/lpc_chip_175x_6x/libs/libusbd_175x_6x_lib.a(mw_usbd_rom_api.o) (mwHID_GetMemSize)
/home/jaguar/Documents/FreeRtos/USB_project/pheri_usb_custom_proj/workspace3_BulkEP _cleanup/lpc_chip_175x_6x/libs/libusbd_175x_6x_lib.a(mw_usbd_mscuser.o)
[...]
Memory Configuration

Name             Origin             Length             Attributes
MFlash512        0x00000000         0x00080000         xr
RamLoc32         0x10000000         0x00008000         xrw
RamAHB32         0x2007c000         0x00008000         xrw
*default*        0x00000000         0xffffffff

Linker script and memory map

LOAD ./example/src/cr_startup_lpc175x_6x.o
LOAD ./example/src/hid_desc.o
LOAD ./example/src/hid_generic.o
LOAD ./example/src/hid_main.o
LOAD ./example/src/sysinit.o
LOAD /home/jaguar/Documents/FreeRtos/USB_project/pheri_usb_custom_proj/workspace3_BulkEP _cleanup/lpc_board_nxp_lpcxpresso_1769/Debug/liblpc_board_nxp_lpcxpresso_1769.a
LOAD /home/jaguar/Documents/FreeRtos/USB_project/pheri_usb_custom_proj/workspace3_BulkEP _cleanup/lpc_chip_175x_6x/Debug/liblpc_chip_175x_6x.a
LOAD /home/jaguar/Documents/FreeRtos/USB_project/pheri_usb_custom_proj/workspace3_BulkEP _cleanup/lpc_chip_175x_6x/libs/libusbd_175x_6x_lib.a
START GROUP
LOAD /usr/local/lpcxpresso_7.8.0_426/lpcxpresso/tools/bin/../lib/gcc/arm-none-eabi/4.9.3/../../../../arm-none-eabi/lib/armv7-m/libcr_nohost.a
LOAD /usr/local/lpcxpresso_7.8.0_426/lpcxpresso/tools/bin/../lib/gcc/arm-none-eabi/4.9.3/../../../../arm-none-eabi/lib/armv7-m/libcr_c.a
LOAD /usr/local/lpcxpresso_7.8.0_426/lpcxpresso/tools/bin/../lib/gcc/arm-none-eabi/4.9.3/armv7-m/libcr_eabihelpers.a
END GROUP
                0x00080000                __top_MFlash512 = 0x80000
                0x10008000                __top_RamLoc32 = 0x10008000
                0x20084000                __top_RamAHB32 = 0x20084000

.text           0x00000000     0x2d0c
 FILL mask 0xff
                0x00000000                __vectors_start__ = ABSOLUTE (.)
 *(.isr_vector)
 .isr_vector    0x00000000       0xcc ./example/src/cr_startup_lpc175x_6x.o
                0x00000000                g_pfnVectors
                0x000000cc                . = ALIGN (0x4)
                0x000000cc                __section_table_start = .
                0x000000cc                __data_section_table = .
                0x000000cc        0x4 LONG 0x2d0c LOADADDR (.data)
                0x000000d0        0x4 LONG 0x10000000 ADDR (.data)
                0x000000d4        0x4 LONG 0x68 SIZEOF (.data)
                0x000000d8        0x4 LONG 0x2d0c LOADADDR (.data_RAM2)
                0x000000dc        0x4 LONG 0x2007c000 ADDR (.data_RAM2)
                0x000000e0        0x4 LONG 0x0 SIZEOF (.data_RAM2)
                0x000000e4                __data_section_table_end = .
                0x000000e4                __bss_section_table = .
                0x000000e4        0x4 LONG 0x10000068 ADDR (.bss)
                0x000000e8        0x4 LONG 0x164 SIZEOF (.bss)
                0x000000ec        0x4 LONG 0x2007c000 ADDR (.bss_RAM2)
                0x000000f0        0x4 LONG 0x0 SIZEOF (.bss_RAM2)
                0x000000f4                __bss_section_table_end = .
                0x000000f4                __section_table_end = .
 *(.after_vectors*)
 .after_vectors
                0x000000f4      0x144 ./example/src/cr_startup_lpc175x_6x.o
                0x000000f4                data_init
                0x00000138                bss_init
                0x00000170                ResetISR
                0x000001e8                NMI_Handler
                0x000001f0                HardFault_Handler
                0x000001f8                MemManage_Handler
                0x00000200                BusFault_Handler
                0x00000208                UsageFault_Handler
                0x00000210                SVC_Handler
                0x00000218                DebugMon_Handler
                0x00000220                PendSV_Handler
                0x00000228                SysTick_Handler
                0x00000230                TIMER2_IRQHandler
                0x00000230                RIT_IRQHandler
                0x00000230                I2C0_IRQHandler
                0x00000230                USBActivity_IRQHandler
                0x00000230                PWM1_IRQHandler
                0x00000230                I2C1_IRQHandler
                0x00000230                EINT2_IRQHandler
                0x00000230                UART1_IRQHandler
                0x00000230                EINT3_IRQHandler
                0x00000230                CANActivity_IRQHandler
                0x00000230                TIMER3_IRQHandler
                0x00000230                UART0_IRQHandler
                0x00000230                IntDefaultHandler
                0x00000230                PLL0_IRQHandler
                0x00000230                CAN_IRQHandler
                0x00000230                PLL1_IRQHandler
                0x00000230                SSP0_IRQHandler
                0x00000230                I2S_IRQHandler
                0x00000230                I2C2_IRQHandler
                0x00000230                RTC_IRQHandler
                0x00000230                TIMER0_IRQHandler
                0x00000230                SPI_IRQHandler
                0x00000230                EINT1_IRQHandler
                0x00000230                TIMER1_IRQHandler
                0x00000230                UART2_IRQHandler
                0x00000230                ADC_IRQHandler
                0x00000230                SSP1_IRQHandler
                0x00000230                BOD_IRQHandler
                0x00000230                WDT_IRQHandler
                0x00000230                QEI_IRQHandler
                0x00000230                EINT0_IRQHandler
                0x00000230                ETH_IRQHandler
                0x00000230                DMA_IRQHandler
                0x00000230                UART3_IRQHandler
                0x00000230                MCPWM_IRQHandler
 *(.text*)
 .text.NVIC_EnableIRQ
                0x00000238       0x30 ./example/src/hid_main.o
 .text.Chip_Clock_IsUSBPLLLocked
                0x00000268       0x28 ./example/src/hid_main.o
 .text.Chip_Clock_IsUSBPLLConnected
                0x00000290       0x28 ./example/src/hid_main.o
 .text.USB_IRQHandler
                0x000002b8       0x40 ./example/src/hid_main.o
                0x000002b8                USB_IRQHandler
 .text.EP_bulk_hdlr
                0x000002f8      0x158 ./example/src/hid_main.o
 .text.main     0x00000450      0x1c4 ./example/src/hid_main.o
                0x00000450                main
 .text.SystemInit
                0x00000614       0x24 ./example/src/sysinit.o
                0x00000614                SystemInit
 .text.Chip_IOCON_Init
                0x00000638       0x14 /home/jaguar/Documents/FreeRtos/USB_project/pheri_usb_custom_proj/workspace3_BulkEP _cleanup/lpc_board_nxp_lpcxpresso_1769/Debug/liblpc_board_nxp_lpcxpresso_1769.a(board.o)
 .text.Chip_GPIO_Init
                0x0000064c       0x14 /home/jaguar/Documents/FreeRtos/USB_project/pheri_usb_custom_proj/workspace3_BulkEP _cleanup/lpc_board_nxp_lpcxpresso_1769/Debug/liblpc_board_nxp_lpcxpresso_1769.a(board.o)
 .text.Chip_GPIO_SetPinDIROutput
                0x00000660       0x38 /home/jaguar/Documents/FreeRtos/USB_project/pheri_usb_custom_proj/workspace3_BulkEP _cleanup/lpc_board_nxp_lpcxpresso_1769/Debug/liblpc_board_nxp_lpcxpresso_1769.a(board.o)
 .text.Chip_GPIO_SetPinDIRInput
                0x00000698       0x3c /home/jaguar/Documents/FreeRtos/USB_project/pheri_usb_custom_proj/workspace3_BulkEP _cleanup/lpc_board_nxp_lpcxpresso_1769/Debug/liblpc_board_nxp_lpcxpresso_1769.a(board.o)
 .text.Chip_GPIO_SetPinDIR
                0x000006d4       0x44 /home/jaguar/Documents/FreeRtos/USB_project/pheri_usb_custom_proj/workspace3_BulkEP _cleanup/lpc_board_nxp_lpcxpresso_1769/Debug/liblpc_board_nxp_lpcxpresso_1769.a(board.o)
 .text.Chip_GPIO_WriteDirBit
                0x00000718       0x2c /home/jaguar/Documents/FreeRtos/USB_project/pheri_usb_custom_proj/workspace3_BulkEP _cleanup/lpc_board_nxp_lpcxpresso_1769/Debug/liblpc_board_nxp_lpcxpresso_1769.a(board.o)
 .text.Chip_UART_SendByte
                0x00000744       0x1c /home/jaguar/Documents/FreeRtos/USB_project/pheri_usb_custom_proj/workspace3_BulkEP _cleanup/lpc_board_nxp_lpcxpresso_1769/Debug/liblpc_board_nxp_lpcxpresso_1769.a(board.o)
 .text.Chip_UART_ConfigData
                0x00000760       0x1c /home/jaguar/Documents/FreeRtos/USB_project/pheri_usb_custom_proj/workspace3_BulkEP _cleanup/lpc_board_nxp_lpcxpresso_1769/Debug/liblpc_board_nxp_lpcxpresso_1769.a(board.o)
 .text.Chip_UART_ReadLineStatus
                0x0000077c       0x18 /home/jaguar/Documents/FreeRtos/USB_project/pheri_usb_custom_proj/workspace3_BulkEP _cleanup/lpc_board_nxp_lpcxpresso_1769/Debug/liblpc_board_nxp_lpcxpresso_1769.a(board.o)
 .text.__sys_write
                0x00000794       0x38 /home/jaguar/Documents/FreeRtos/USB_project/pheri_usb_custom_proj/workspace3_BulkEP _cleanup/lpc_board_nxp_lpcxpresso_1769/Debug/liblpc_board_nxp_lpcxpresso_1769.a(board.o)
                0x00000794                __sys_write
 .text.Board_LED_Init
                0x000007cc       0x18 /home/jaguar/Documents/FreeRtos/USB_project/pheri_usb_custom_proj/workspace3_BulkEP _cleanup/lpc_board_nxp_lpcxpresso_1769/Debug/liblpc_board_nxp_lpcxpresso_1769.a(board.o)
 .text.Board_UART_Init
                0x000007e4       0x14 /home/jaguar/Documents/FreeRtos/USB_project/pheri_usb_custom_proj/workspace3_BulkEP _cleanup/lpc_board_nxp_lpcxpresso_1769/Debug/liblpc_board_nxp_lpcxpresso_1769.a(board.o)
                0x000007e4                Board_UART_Init
 .text.Board_Debug_Init
                0x000007f8       0x30 /home/jaguar/Documents/FreeRtos/USB_project/pheri_usb_custom_proj/workspace3_BulkEP _cleanup/lpc_board_nxp_lpcxpresso_1769/Debug/liblpc_board_nxp_lpcxpresso_1769.a(board.o)
                0x000007f8                Board_Debug_Init
 .text.Board_UARTPutChar
                0x00000828       0x30 /home/jaguar/Documents/FreeRtos/USB_project/pheri_usb_custom_proj/workspace3_BulkEP _cleanup/lpc_board_nxp_lpcxpresso_1769/Debug/liblpc_board_nxp_lpcxpresso_1769.a(board.o)
                0x00000828                Board_UARTPutChar
 .text.Board_Init
                0x00000858       0x24 /home/jaguar/Documents/FreeRtos/USB_project/pheri_usb_custom_proj/workspace3_BulkEP _cleanup/lpc_board_nxp_lpcxpresso_1769/Debug/liblpc_board_nxp_lpcxpresso_1769.a(board.o)
                0x00000858                Board_Init
 .text.Chip_SYSCTL_SetFLASHAccess
                0x0000087c       0x30 /home/jaguar/Documents/FreeRtos/USB_project/pheri_usb_custom_proj/workspace3_BulkEP _cleanup/lpc_board_nxp_lpcxpresso_1769/Debug/liblpc_board_nxp_lpcxpresso_1769.a(board_sysinit.o)
 .text.Board_SetupMuxing
                0x000008ac       0x18 /home/jaguar/Documents/FreeRtos/USB_project/pheri_usb_custom_proj/workspace3_BulkEP _cleanup/lpc_board_nxp_lpcxpresso_1769/Debug/liblpc_board_nxp_lpcxpresso_1769.a(board_sysinit.o)
                0x000008ac                Board_SetupMuxing
 .text.Board_SetupClocking
                0x000008c4       0x10 /home/jaguar/Documents/FreeRtos/USB_project/pheri_usb_custom_proj/workspace3_BulkEP _cleanup/lpc_board_nxp_lpcxpresso_1769/Debug/liblpc_board_nxp_lpcxpresso_1769.a(board_sysinit.o)
                0x000008c4                Board_SetupClocking
 .text.Board_SystemInit
                0x000008d4       0x10 /home/jaguar/Documents/FreeRtos/USB_project/pheri_usb_custom_proj/workspace3_BulkEP _cleanup/lpc_board_nxp_lpcxpresso_1769/Debug/liblpc_board_nxp_lpcxpresso_1769.a(board_sysinit.o)
                0x000008d4                Board_SystemInit
 .text.SystemCoreClockUpdate
                0x000008e4       0x14 /home/jaguar/Documents/FreeRtos/USB_project/pheri_usb_custom_proj/workspace3_BulkEP _cleanup/lpc_chip_175x_6x/Debug/liblpc_chip_175x_6x.a(chip_17xx_40xx.o)
                0x000008e4                SystemCoreClockUpdate
 .text.Chip_Clock_IsMainPLLEnabled
                0x000008f8       0x28 /home/jaguar/Documents/FreeRtos/USB_project/pheri_usb_custom_proj/workspace3_BulkEP _cleanup/lpc_chip_175x_6x/Debug/liblpc_chip_175x_6x.a(clock_17xx_40xx.o)
 .text.Chip_Clock_IsMainPLLConnected
                0x00000920       0x28 /home/jaguar/Documents/FreeRtos/USB_project/pheri_usb_custom_proj/workspace3_BulkEP _cleanup/lpc_chip_175x_6x/Debug/liblpc_chip_175x_6x.a(clock_17xx_40xx.o)
 .text.Chip_Clock_FeedPLL
                0x00000948       0x34 /home/jaguar/Documents/FreeRtos/USB_project/pheri_usb_custom_proj/workspace3_BulkEP _cleanup/lpc_chip_175x_6x/Debug/liblpc_chip_175x_6x.a(clock_17xx_40xx.o)
 .text.Chip_Clock_GetMainPLLSource
                0x0000097c       0x20 /home/jaguar/Documents/FreeRtos/USB_project/pheri_usb_custom_proj/workspace3_BulkEP _cleanup/lpc_chip_175x_6x/Debug/liblpc_chip_175x_6x.a(clock_17xx_40xx.o)
 .text.Chip_Clock_GetMainOscRate
                0x0000099c       0x18 /home/jaguar/Documents/FreeRtos/USB_project/pheri_usb_custom_proj/workspace3_BulkEP _cleanup/lpc_chip_175x_6x/Debug/liblpc_chip_175x_6x.a(clock_17xx_40xx.o)
 .text.Chip_Clock_GetIntOscRate
                0x000009b4       0x14 /home/jaguar/Documents/FreeRtos/USB_project/pheri_usb_custom_proj/workspace3_BulkEP _cleanup/lpc_chip_175x_6x/Debug/liblpc_chip_175x_6x.a(clock_17xx_40xx.o)
 .text.Chip_Clock_GetRTCOscRate
                0x000009c8       0x18 /home/jaguar/Documents/FreeRtos/USB_project/pheri_usb_custom_proj/workspace3_BulkEP _cleanup/lpc_chip_175x_6x/Debug/liblpc_chip_175x_6x.a(clock_17xx_40xx.o)
 .text.Chip_Clock_GetMainPLLInClockRate
                0x000009e0       0x10 /home/jaguar/Documents/FreeRtos/USB_project/pheri_usb_custom_proj/workspace3_BulkEP _cleanup/lpc_chip_175x_6x/Debug/liblpc_chip_175x_6x.a(clock_17xx_40xx.o)
 .text.Chip_Clock_EnablePLL
                0x000009f0       0x44 /home/jaguar/Documents/FreeRtos/USB_project/pheri_usb_custom_proj/workspace3_BulkEP _cleanup/lpc_chip_175x_6x/Debug/liblpc_chip_175x_6x.a(clock_17xx_40xx.o)
                0x000009f0                Chip_Clock_EnablePLL
 .text.Chip_Clock_DisablePLL
                0x00000a34       0x44 /home/jaguar/Documents/FreeRtos/USB_project/pheri_usb_custom_proj/workspace3_BulkEP _cleanup/lpc_chip_175x_6x/Debug/liblpc_chip_175x_6x.a(clock_17xx_40xx.o)
                0x00000a34                Chip_Clock_DisablePLL
 .text.Chip_Clock_SetupPLL
                0x00000a78       0x58 /home/jaguar/Documents/FreeRtos/USB_project/pheri_usb_custom_proj/workspace3_BulkEP _cleanup/lpc_chip_175x_6x/Debug/liblpc_chip_175x_6x.a(clock_17xx_40xx.o)
                0x00000a78                Chip_Clock_SetupPLL
 .text.Chip_Clock_EnablePeriphClock
                0x00000ad0       0x34 /home/jaguar/Documents/FreeRtos/USB_project/pheri_usb_custom_proj/workspace3_BulkEP _cleanup/lpc_chip_175x_6x/Debug/liblpc_chip_175x_6x.a(clock_17xx_40xx.o)
                0x00000ad0                Chip_Clock_EnablePeriphClock
 .text.Chip_Clock_GetCPUClockSource
                0x00000b04       0x24 /home/jaguar/Documents/FreeRtos/USB_project/pheri_usb_custom_proj/workspace3_BulkEP _cleanup/lpc_chip_175x_6x/Debug/liblpc_chip_175x_6x.a(clock_17xx_40xx.o)
                0x00000b04                Chip_Clock_GetCPUClockSource
 .text.Chip_Clock_SetCPUClockDiv
                0x00000b28       0x20 /home/jaguar/Documents/FreeRtos/USB_project/pheri_usb_custom_proj/workspace3_BulkEP _cleanup/lpc_chip_175x_6x/Debug/liblpc_chip_175x_6x.a(clock_17xx_40xx.o)
                0x00000b28                Chip_Clock_SetCPUClockDiv
 .text.Chip_Clock_GetCPUClockDiv
                0x00000b48       0x1c /home/jaguar/Documents/FreeRtos/USB_project/pheri_usb_custom_proj/workspace3_BulkEP _cleanup/lpc_chip_175x_6x/Debug/liblpc_chip_175x_6x.a(clock_17xx_40xx.o)
                0x00000b48                Chip_Clock_GetCPUClockDiv
 .text.Chip_Clock_GetPCLKDiv
                0x00000b64       0x90 /home/jaguar/Documents/FreeRtos/USB_project/pheri_usb_custom_proj/workspace3_BulkEP _cleanup/lpc_chip_175x_6x/Debug/liblpc_chip_175x_6x.a(clock_17xx_40xx.o)
                0x00000b64                Chip_Clock_GetPCLKDiv
 .text.Chip_Clock_GetSYSCLKRate
                0x00000bf4       0x34 /home/jaguar/Documents/FreeRtos/USB_project/pheri_usb_custom_proj/workspace3_BulkEP _cleanup/lpc_chip_175x_6x/Debug/liblpc_chip_175x_6x.a(clock_17xx_40xx.o)
                0x00000bf4                Chip_Clock_GetSYSCLKRate
 .text.Chip_Clock_GetMainPLLOutClockRate
                0x00000c28       0x54 /home/jaguar/Documents/FreeRtos/USB_project/pheri_usb_custom_proj/workspace3_BulkEP _cleanup/lpc_chip_175x_6x/Debug/liblpc_chip_175x_6x.a(clock_17xx_40xx.o)
                0x00000c28                Chip_Clock_GetMainPLLOutClockRate
 .text.Chip_Clock_GetMainClockRate
                0x00000c7c       0x28 /home/jaguar/Documents/FreeRtos/USB_project/pheri_usb_custom_proj/workspace3_BulkEP _cleanup/lpc_chip_175x_6x/Debug/liblpc_chip_175x_6x.a(clock_17xx_40xx.o)
                0x00000c7c                Chip_Clock_GetMainClockRate
 .text.Chip_Clock_GetSystemClockRate
                0x00000ca4       0x18 /home/jaguar/Documents/FreeRtos/USB_project/pheri_usb_custom_proj/workspace3_BulkEP _cleanup/lpc_chip_175x_6x/Debug/liblpc_chip_175x_6x.a(clock_17xx_40xx.o)
                0x00000ca4                Chip_Clock_GetSystemClockRate
 .text.Chip_Clock_GetPeripheralClockRate
                0x00000cbc       0x28 /home/jaguar/Documents/FreeRtos/USB_project/pheri_usb_custom_proj/workspace3_BulkEP _cleanup/lpc_chip_175x_6x/Debug/liblpc_chip_175x_6x.a(clock_17xx_40xx.o)
                0x00000cbc                Chip_Clock_GetPeripheralClockRate
 .text.Chip_IOCON_PinMuxSet
                0x00000ce4       0x34 /home/jaguar/Documents/FreeRtos/USB_project/pheri_usb_custom_proj/workspace3_BulkEP _cleanup/lpc_chip_175x_6x/Debug/liblpc_chip_175x_6x.a(iocon_17xx_40xx.o)
                0x00000ce4                Chip_IOCON_PinMuxSet
 .text.Chip_IOCON_PinMux
                0x00000d18       0x94 /home/jaguar/Documents/FreeRtos/USB_project/pheri_usb_custom_proj/workspace3_BulkEP _cleanup/lpc_chip_175x_6x/Debug/liblpc_chip_175x_6x.a(iocon_17xx_40xx.o)
                0x00000d18                Chip_IOCON_PinMux
 .text.Chip_IOCON_SetPinMuxing
                0x00000dac       0x60 /home/jaguar/Documents/FreeRtos/USB_project/pheri_usb_custom_proj/workspace3_BulkEP _cleanup/lpc_chip_175x_6x/Debug/liblpc_chip_175x_6x.a(iocon_17xx_40xx.o)
                0x00000dac                Chip_IOCON_SetPinMuxing
 .text.Chip_Clock_IsMainPLLEnabled
                0x00000e0c       0x28 /home/jaguar/Documents/FreeRtos/USB_project/pheri_usb_custom_proj/workspace3_BulkEP _cleanup/lpc_chip_175x_6x/Debug/liblpc_chip_175x_6x.a(sysinit_17xx_40xx.o)
 .text.Chip_Clock_IsMainPLLLocked
                0x00000e34       0x28 /home/jaguar/Documents/FreeRtos/USB_project/pheri_usb_custom_proj/workspace3_BulkEP _cleanup/lpc_chip_175x_6x/Debug/liblpc_chip_175x_6x.a(sysinit_17xx_40xx.o)
 .text.Chip_Clock_IsMainPLLConnected
                0x00000e5c       0x28 /home/jaguar/Documents/FreeRtos/USB_project/pheri_usb_custom_proj/workspace3_BulkEP _cleanup/lpc_chip_175x_6x/Debug/liblpc_chip_175x_6x.a(sysinit_17xx_40xx.o)
 .text.Chip_Clock_EnableCrystal
                0x00000e84       0x20 /home/jaguar/Documents/FreeRtos/USB_project/pheri_usb_custom_proj/workspace3_BulkEP _cleanup/lpc_chip_175x_6x/Debug/liblpc_chip_175x_6x.a(sysinit_17xx_40xx.o)
 .text.Chip_Clock_IsCrystalEnabled
                0x00000ea4       0x28 /home/jaguar/Documents/FreeRtos/USB_project/pheri_usb_custom_proj/workspace3_BulkEP _cleanup/lpc_chip_175x_6x/Debug/liblpc_chip_175x_6x.a(sysinit_17xx_40xx.o)
 .text.Chip_Clock_SetMainPLLSource
                0x00000ecc       0x20 /home/jaguar/Documents/FreeRtos/USB_project/pheri_usb_custom_proj/workspace3_BulkEP _cleanup/lpc_chip_175x_6x/Debug/liblpc_chip_175x_6x.a(sysinit_17xx_40xx.o)
 .text.Chip_SetupXtalClocking
                0x00000eec       0x90 /home/jaguar/Documents/FreeRtos/USB_project/pheri_usb_custom_proj/workspace3_BulkEP _cleanup/lpc_chip_175x_6x/Debug/liblpc_chip_175x_6x.a(sysinit_17xx_40xx.o)
                0x00000eec                Chip_SetupXtalClocking
 .text.Chip_UART_SetupFIFOS
                0x00000f7c       0x1c /home/jaguar/Documents/FreeRtos/USB_project/pheri_usb_custom_proj/workspace3_BulkEP _cleanup/lpc_chip_175x_6x/Debug/liblpc_chip_175x_6x.a(uart_17xx_40xx.o)
 .text.Chip_UART_ConfigData
                0x00000f98       0x1c /home/jaguar/Documents/FreeRtos/USB_project/pheri_usb_custom_proj/workspace3_BulkEP _cleanup/lpc_chip_175x_6x/Debug/liblpc_chip_175x_6x.a(uart_17xx_40xx.o)
 .text.Chip_UART_EnableDivisorAccess
                0x00000fb4       0x20 /home/jaguar/Documents/FreeRtos/USB_project/pheri_usb_custom_proj/workspace3_BulkEP _cleanup/lpc_chip_175x_6x/Debug/liblpc_chip_175x_6x.a(uart_17xx_40xx.o)
 .text.Chip_UART_DisableDivisorAccess
                0x00000fd4       0x20 /home/jaguar/Documents/FreeRtos/USB_project/pheri_usb_custom_proj/workspace3_BulkEP _cleanup/lpc_chip_175x_6x/Debug/liblpc_chip_175x_6x.a(uart_17xx_40xx.o)
 .text.Chip_UART_SetDivisorLatches
                0x00000ff4       0x28 /home/jaguar/Documents/FreeRtos/USB_project/pheri_usb_custom_proj/workspace3_BulkEP _cleanup/lpc_chip_175x_6x/Debug/liblpc_chip_175x_6x.a(uart_17xx_40xx.o)
 .text.Chip_UART_GetClockIndex
                0x0000101c       0x50 /home/jaguar/Documents/FreeRtos/USB_project/pheri_usb_custom_proj/workspace3_BulkEP _cleanup/lpc_chip_175x_6x/Debug/liblpc_chip_175x_6x.a(uart_17xx_40xx.o)
 .text.Chip_UART_GetClkIndex
                0x0000106c       0x50 /home/jaguar/Documents/FreeRtos/USB_project/pheri_usb_custom_proj/workspace3_BulkEP _cleanup/lpc_chip_175x_6x/Debug/liblpc_chip_175x_6x.a(uart_17xx_40xx.o)
 .text.Chip_UART_Init
                0x000010bc       0x74 /home/jaguar/Documents/FreeRtos/USB_project/pheri_usb_custom_proj/workspace3_BulkEP _cleanup/lpc_chip_175x_6x/Debug/liblpc_chip_175x_6x.a(uart_17xx_40xx.o)
                0x000010bc                Chip_UART_Init
 .text.Chip_UART_TXEnable
                0x00001130       0x18 /home/jaguar/Documents/FreeRtos/USB_project/pheri_usb_custom_proj/workspace3_BulkEP _cleanup/lpc_chip_175x_6x/Debug/liblpc_chip_175x_6x.a(uart_17xx_40xx.o)
                0x00001130                Chip_UART_TXEnable
 .text.Chip_UART_TXDisable
                0x00001148       0x18 /home/jaguar/Documents/FreeRtos/USB_project/pheri_usb_custom_proj/workspace3_BulkEP _cleanup/lpc_chip_175x_6x/Debug/liblpc_chip_175x_6x.a(uart_17xx_40xx.o)
                0x00001148                Chip_UART_TXDisable
 .text.Chip_UART_SetBaud
                0x00001160       0x64 /home/jaguar/Documents/FreeRtos/USB_project/pheri_usb_custom_proj/workspace3_BulkEP _cleanup/lpc_chip_175x_6x/Debug/liblpc_chip_175x_6x.a(uart_17xx_40xx.o)
                0x00001160                Chip_UART_SetBaud
 .text.EPAdr    0x000011c4       0x10 /home/jaguar/Documents/FreeRtos/USB_project/pheri_usb_custom_proj/workspace3_BulkEP _cleanup/lpc_chip_175x_6x/libs/libusbd_175x_6x_lib.a(hw_usbd_ip3503.o)
                0x000011c4                EPAdr
 .text.hwWrCmd  0x000011d4       0x10 /home/jaguar/Documents/FreeRtos/USB_project/pheri_usb_custom_proj/workspace3_BulkEP _cleanup/lpc_chip_175x_6x/libs/libusbd_175x_6x_lib.a(hw_usbd_ip3503.o)
                0x000011d4                hwWrCmd
 .text.hwWrCmdDat
                0x000011e4       0x16 /home/jaguar/Documents/FreeRtos/USB_project/pheri_usb_custom_proj/workspace3_BulkEP _cleanup/lpc_chip_175x_6x/libs/libusbd_175x_6x_lib.a(hw_usbd_ip3503.o)
                0x000011e4                hwWrCmdDat
 .text.hwWrCmdEP
                0x000011fa       0x24 /home/jaguar/Documents/FreeRtos/USB_project/pheri_usb_custom_proj/workspace3_BulkEP _cleanup/lpc_chip_175x_6x/libs/libusbd_175x_6x_lib.a(hw_usbd_ip3503.o)
                0x000011fa                hwWrCmdEP
 .text.hwRdCmdDat
                0x0000121e       0x12 /home/jaguar/Documents/FreeRtos/USB_project/pheri_usb_custom_proj/workspace3_BulkEP _cleanup/lpc_chip_175x_6x/libs/libusbd_175x_6x_lib.a(hw_usbd_ip3503.o)
                0x0000121e                hwRdCmdDat
 .text.hwUSB_GetMemSize
                0x00001230        0x6 /home/jaguar/Documents/FreeRtos/USB_project/pheri_usb_custom_proj/workspace3_BulkEP _cleanup/lpc_chip_175x_6x/libs/libusbd_175x_6x_lib.a(hw_usbd_ip3503.o)
                0x00001230                hwUSB_GetMemSize
 *fill*         0x00001236        0x2 
 .text.hwUSB_Connect
                0x00001238       0x1c /home/jaguar/Documents/FreeRtos/USB_project/pheri_usb_custom_proj/workspace3_BulkEP _cleanup/lpc_chip_175x_6x/libs/libusbd_175x_6x_lib.a(hw_usbd_ip3503.o)
                0x00001238                hwUSB_Connect
 .text.hwUSB_Reset
                0x00001254       0x30 /home/jaguar/Documents/FreeRtos/USB_project/pheri_usb_custom_proj/workspace3_BulkEP _cleanup/lpc_chip_175x_6x/libs/libusbd_175x_6x_lib.a(hw_usbd_ip3503.o)
                0x00001254                hwUSB_Reset
 .text.hwUSB_WakeUp
                0x00001284       0x20 /home/jaguar/Documents/FreeRtos/USB_project/pheri_usb_custom_proj/workspace3_BulkEP _cleanup/lpc_chip_175x_6x/libs/libusbd_175x_6x_lib.a(hw_usbd_ip3503.o)
                0x00001284                hwUSB_WakeUp
 .text.hwUSB_WakeUpCfg
                0x000012a4        0x2 /home/jaguar/Documents/FreeRtos/USB_project/pheri_usb_custom_proj/workspace3_BulkEP _cleanup/lpc_chip_175x_6x/libs/libusbd_175x_6x_lib.a(hw_usbd_ip3503.o)
                0x000012a4                hwUSB_WakeUpCfg
 *fill*         0x000012a6        0x2 
 .text.hwUSB_SetAddress
                0x000012a8       0x30 /home/jaguar/Documents/FreeRtos/USB_project/pheri_usb_custom_proj/workspace3_BulkEP _cleanup/lpc_chip_175x_6x/libs/libusbd_175x_6x_lib.a(hw_usbd_ip3503.o)
                0x000012a8                hwUSB_SetAddress
 .text.hwUSB_Init
                0x000012d8       0x84 /home/jaguar/Documents/FreeRtos/USB_project/pheri_usb_custom_proj/workspace3_BulkEP _cleanup/lpc_chip_175x_6x/libs/libusbd_175x_6x_lib.a(hw_usbd_ip3503.o)
                0x000012d8                hwUSB_Init
 .text.hwUSB_Configure
                0x0000135c       0x34 /home/jaguar/Documents/FreeRtos/USB_project/pheri_usb_custom_proj/workspace3_BulkEP _cleanup/lpc_chip_175x_6x/libs/libusbd_175x_6x_lib.a(hw_usbd_ip3503.o)
                0x0000135c                hwUSB_Configure
 .text.hwUSB_ConfigEP
                0x00001390       0x32 /home/jaguar/Documents/FreeRtos/USB_project/pheri_usb_custom_proj/workspace3_BulkEP _cleanup/lpc_chip_175x_6x/libs/libusbd_175x_6x_lib.a(hw_usbd_ip3503.o)
                0x00001390                hwUSB_ConfigEP
 .text.hwUSB_DirCtrlEP
                0x000013c2        0x2 /home/jaguar/Documents/FreeRtos/USB_project/pheri_usb_custom_proj/workspace3_BulkEP _cleanup/lpc_chip_175x_6x/libs/libusbd_175x_6x_lib.a(hw_usbd_ip3503.o)
                0x000013c2                hwUSB_DirCtrlEP
 .text.hwUSB_EnableEP
                0x000013c4       0x24 /home/jaguar/Documents/FreeRtos/USB_project/pheri_usb_custom_proj/workspace3_BulkEP _cleanup/lpc_chip_175x_6x/libs/libusbd_175x_6x_lib.a(hw_usbd_ip3503.o)
                0x000013c4                hwUSB_EnableEP
 .text.hwUSB_DisableEP
                0x000013e8       0x28 /home/jaguar/Documents/FreeRtos/USB_project/pheri_usb_custom_proj/workspace3_BulkEP _cleanup/lpc_chip_175x_6x/libs/libusbd_175x_6x_lib.a(hw_usbd_ip3503.o)
                0x000013e8                hwUSB_DisableEP
 .text.hwUSB_ResetEP
                0x00001410       0x24 /home/jaguar/Documents/FreeRtos/USB_project/pheri_usb_custom_proj/workspace3_BulkEP _cleanup/lpc_chip_175x_6x/libs/libusbd_175x_6x_lib.a(hw_usbd_ip3503.o)
                0x00001410                hwUSB_ResetEP
 .text.hwUSB_SetStallEP
                0x00001434       0x28 /home/jaguar/Documents/FreeRtos/USB_project/pheri_usb_custom_proj/workspace3_BulkEP _cleanup/lpc_chip_175x_6x/libs/libusbd_175x_6x_lib.a(hw_usbd_ip3503.o)
                0x00001434                hwUSB_SetStallEP
 .text.hwUSB_ClrStallEP
                0x0000145c       0x24 /home/jaguar/Documents/FreeRtos/USB_project/pheri_usb_custom_proj/workspace3_BulkEP _cleanup/lpc_chip_175x_6x/libs/libusbd_175x_6x_lib.a(hw_usbd_ip3503.o)
                0x0000145c                hwUSB_ClrStallEP
 .text.hwUSB_EnableEvent
                0x00001480       0xd8 /home/jaguar/Documents/FreeRtos/USB_project/pheri_usb_custom_proj/workspace3_BulkEP _cleanup/lpc_chip_175x_6x/libs/libusbd_175x_6x_lib.a(hw_usbd_ip3503.o)
                0x00001480                hwUSB_EnableEvent
 .text.hwUSB_ReadEP
                0x00001558       0x80 /home/jaguar/Documents/FreeRtos/USB_project/pheri_usb_custom_proj/workspace3_BulkEP _cleanup/lpc_chip_175x_6x/libs/libusbd_175x_6x_lib.a(hw_usbd_ip3503.o)
                0x00001558                hwUSB_ReadEP
 .text.hwUSB_ForceFullSpeed
                0x000015d8        0x2 /home/jaguar/Documents/FreeRtos/USB_project/pheri_usb_custom_proj/workspace3_BulkEP _cleanup/lpc_chip_175x_6x/libs/libusbd_175x_6x_lib.a(hw_usbd_ip3503.o)
                0x000015d8                hwUSB_ForceFullSpeed
 .text.hwUSB_SetTestMode
                0x000015da        0x4 /home/jaguar/Documents/FreeRtos/USB_project/pheri_usb_custom_proj/workspace3_BulkEP _cleanup/lpc_chip_175x_6x/libs/libusbd_175x_6x_lib.a(hw_usbd_ip3503.o)
                0x000015da                hwUSB_SetTestMode
 .text.hwUSB_ReadReqEP
                0x000015de        0x4 /home/jaguar/Documents/FreeRtos/USB_project/pheri_usb_custom_proj/workspace3_BulkEP _cleanup/lpc_chip_175x_6x/libs/libusbd_175x_6x_lib.a(hw_usbd_ip3503.o)
                0x000015de                hwUSB_ReadReqEP
 .text.hwUSB_ReadSetupPkt
                0x000015e2        0x4 /home/jaguar/Documents/FreeRtos/USB_project/pheri_usb_custom_proj/workspace3_BulkEP _cleanup/lpc_chip_175x_6x/libs/libusbd_175x_6x_lib.a(hw_usbd_ip3503.o)
                0x000015e2                hwUSB_ReadSetupPkt
 *fill*         0x000015e6        0x2 
 .text.hwUSB_WriteEP
                0x000015e8       0x44 /home/jaguar/Documents/FreeRtos/USB_project/pheri_usb_custom_proj/workspace3_BulkEP _cleanup/lpc_chip_175x_6x/libs/libusbd_175x_6x_lib.a(hw_usbd_ip3503.o)
                0x000015e8                hwUSB_WriteEP
 .text.hwUSB_ISR
                0x0000162c      0x1a0 /home/jaguar/Documents/FreeRtos/USB_project/pheri_usb_custom_proj/workspace3_BulkEP _cleanup/lpc_chip_175x_6x/libs/libusbd_175x_6x_lib.a(hw_usbd_ip3503.o)
                0x0000162c                hwUSB_ISR
 .text.USB_ReqGetConfiguration
                0x000017cc       0x20 /home/jaguar/Documents/FreeRtos/USB_project/pheri_usb_custom_proj/workspace3_BulkEP _cleanup/lpc_chip_175x_6x/libs/libusbd_175x_6x_lib.a(mw_usbd_core.o)
                0x000017cc                USB_ReqGetConfiguration
 .text.USBD_virt_to_phys
                0x000017ec        0x2 /home/jaguar/Documents/FreeRtos/USB_project/pheri_usb_custom_proj/workspace3_BulkEP _cleanup/lpc_chip_175x_6x/libs/libusbd_175x_6x_lib.a(mw_usbd_core.o)
                0x000017ec                USBD_virt_to_phys
 .text.USBD_cache_flush
                0x000017ee        0x2 /home/jaguar/Documents/FreeRtos/USB_project/pheri_usb_custom_proj/workspace3_BulkEP _cleanup/lpc_chip_175x_6x/libs/libusbd_175x_6x_lib.a(mw_usbd_core.o)
                0x000017ee                USBD_cache_flush
 .text.USB_ReqGetStatus
                0x000017f0       0x8c /home/jaguar/Documents/FreeRtos/USB_project/pheri_usb_custom_proj/workspace3_BulkEP _cleanup/lpc_chip_175x_6x/libs/libusbd_175x_6x_lib.a(mw_usbd_core.o)
                0x000017f0                USB_ReqGetStatus
 .text.USB_ReqGetDescriptor
                0x0000187c       0x84 /home/jaguar/Documents/FreeRtos/USB_project/pheri_usb_custom_proj/workspace3_BulkEP _cleanup/lpc_chip_175x_6x/libs/libusbd_175x_6x_lib.a(mw_usbd_core.o)
                0x0000187c                USB_ReqGetDescriptor
 .text.USB_ReqGetInterface
                0x00001900       0x34 /home/jaguar/Documents/FreeRtos/USB_project/pheri_usb_custom_proj/workspace3_BulkEP _cleanup/lpc_chip_175x_6x/libs/libusbd_175x_6x_lib.a(mw_usbd_core.o)
                0x00001900                USB_ReqGetInterface
 .text.USB_ReqSetClrFeature
                0x00001934       0xb4 /home/jaguar/Documents/FreeRtos/USB_project/pheri_usb_custom_proj/workspace3_BulkEP _cleanup/lpc_chip_175x_6x/libs/libusbd_175x_6x_lib.a(mw_usbd_core.o)
                0x00001934                USB_ReqSetClrFeature
 .text.USB_ReqSetConfiguration
                0x000019e8      0x194 /home/jaguar/Documents/FreeRtos/USB_project/pheri_usb_custom_proj/workspace3_BulkEP _cleanup/lpc_chip_175x_6x/libs/libusbd_175x_6x_lib.a(mw_usbd_core.o)
                0x000019e8                USB_ReqSetConfiguration
 .text.USB_ReqSetInterface
                0x00001b7c      0x144 /home/jaguar/Documents/FreeRtos/USB_project/pheri_usb_custom_proj/workspace3_BulkEP _cleanup/lpc_chip_175x_6x/libs/libusbd_175x_6x_lib.a(mw_usbd_core.o)
                0x00001b7c                USB_ReqSetInterface
 .text.mwUSB_SetupStage
                0x00001cc0        0xa /home/jaguar/Documents/FreeRtos/USB_project/pheri_usb_custom_proj/workspace3_BulkEP _cleanup/lpc_chip_175x_6x/libs/libusbd_175x_6x_lib.a(mw_usbd_core.o)
                0x00001cc0                mwUSB_SetupStage
 .text.mwUSB_DataInStage
                0x00001cca       0x2e /home/jaguar/Documents/FreeRtos/USB_project/pheri_usb_custom_proj/workspace3_BulkEP _cleanup/lpc_chip_175x_6x/libs/libusbd_175x_6x_lib.a(mw_usbd_core.o)
                0x00001cca                mwUSB_DataInStage
 .text.mwUSB_DataOutStage
                0x00001cf8       0x24 /home/jaguar/Documents/FreeRtos/USB_project/pheri_usb_custom_proj/workspace3_BulkEP _cleanup/lpc_chip_175x_6x/libs/libusbd_175x_6x_lib.a(mw_usbd_core.o)
                0x00001cf8                mwUSB_DataOutStage
 .text.mwUSB_StatusInStage
                0x00001d1c        0xa /home/jaguar/Documents/FreeRtos/USB_project/pheri_usb_custom_proj/workspace3_BulkEP _cleanup/lpc_chip_175x_6x/libs/libusbd_175x_6x_lib.a(mw_usbd_core.o)
                0x00001d1c                mwUSB_StatusInStage
 .text.mwUSB_StatusOutStage
                0x00001d26        0xa /home/jaguar/Documents/FreeRtos/USB_project/pheri_usb_custom_proj/workspace3_BulkEP _cleanup/lpc_chip_175x_6x/libs/libusbd_175x_6x_lib.a(mw_usbd_core.o)
                0x00001d26                mwUSB_StatusOutStage
 .text.mwUSB_StallEp0
                0x00001d30       0x12 /home/jaguar/Documents/FreeRtos/USB_project/pheri_usb_custom_proj/workspace3_BulkEP _cleanup/lpc_chip_175x_6x/libs/libusbd_175x_6x_lib.a(mw_usbd_core.o)
                0x00001d30                mwUSB_StallEp0
 *fill*         0x00001d42        0x2 
 .text.USB_ReqSetAddress
                0x00001d44       0x24 /home/jaguar/Documents/FreeRtos/USB_project/pheri_usb_custom_proj/workspace3_BulkEP _cleanup/lpc_chip_175x_6x/libs/libusbd_175x_6x_lib.a(mw_usbd_core.o)
                0x00001d44                USB_ReqSetAddress
 .text.USB_InvokeEp0Hdlrs
                0x00001d68       0x44 /home/jaguar/Documents/FreeRtos/USB_project/pheri_usb_custom_proj/workspace3_BulkEP _cleanup/lpc_chip_175x_6x/libs/libusbd_175x_6x_lib.a(mw_usbd_core.o)
                0x00001d68                USB_InvokeEp0Hdlrs
 .text.mwUSB_ResetCore
                0x00001dac       0x26 /home/jaguar/Documents/FreeRtos/USB_project/pheri_usb_custom_proj/workspace3_BulkEP _cleanup/lpc_chip_175x_6x/libs/libusbd_175x_6x_lib.a(mw_usbd_core.o)
                0x00001dac                mwUSB_ResetCore
 *fill*         0x00001dd2        0x2 
 .text.USB_EvtSetupHandler
                0x00001dd4      0x108 /home/jaguar/Documents/FreeRtos/USB_project/pheri_usb_custom_proj/workspace3_BulkEP _cleanup/lpc_chip_175x_6x/libs/libusbd_175x_6x_lib.a(mw_usbd_core.o)
                0x00001dd4                USB_EvtSetupHandler
 .text.USB_EvtOutHandler
                0x00001edc       0x68 /home/jaguar/Documents/FreeRtos/USB_project/pheri_usb_custom_proj/workspace3_BulkEP _cleanup/lpc_chip_175x_6x/libs/libusbd_175x_6x_lib.a(mw_usbd_core.o)
                0x00001edc                USB_EvtOutHandler
 .text.USB_EndPoint0
                0x00001f44       0x94 /home/jaguar/Documents/FreeRtos/USB_project/pheri_usb_custom_proj/workspace3_BulkEP _cleanup/lpc_chip_175x_6x/libs/libusbd_175x_6x_lib.a(mw_usbd_core.o)
                0x00001f44                USB_EndPoint0
 .text.mwUSB_InitCore
                0x00001fd8       0xdc /home/jaguar/Documents/FreeRtos/USB_project/pheri_usb_custom_proj/workspace3_BulkEP _cleanup/lpc_chip_175x_6x/libs/libusbd_175x_6x_lib.a(mw_usbd_core.o)
                0x00001fd8                mwUSB_InitCore
 .text.mwUSB_RegisterClassHandler
                0x000020b4       0x28 /home/jaguar/Documents/FreeRtos/USB_project/pheri_usb_custom_proj/workspace3_BulkEP _cleanup/lpc_chip_175x_6x/libs/libusbd_175x_6x_lib.a(mw_usbd_core.o)
                0x000020b4                mwUSB_RegisterClassHandler
 .text.mwUSB_RegisterEpHandler
                0x000020dc       0x24 /home/jaguar/Documents/FreeRtos/USB_project/pheri_usb_custom_proj/workspace3_BulkEP _cleanup/lpc_chip_175x_6x/libs/libusbd_175x_6x_lib.a(mw_usbd_core.o)
                0x000020dc                mwUSB_RegisterEpHandler
 .text.mwHID_GetReportDesc
                0x00002100       0x1c /home/jaguar/Documents/FreeRtos/USB_project/pheri_usb_custom_proj/workspace3_BulkEP _cleanup/lpc_chip_175x_6x/libs/libusbd_175x_6x_lib.a(mw_usbd_hiduser.o)
                0x00002100                mwHID_GetReportDesc
 .text.mwHID_GetIdle
                0x0000211c       0x16 /home/jaguar/Documents/FreeRtos/USB_project/pheri_usb_custom_proj/workspace3_BulkEP _cleanup/lpc_chip_175x_6x/libs/libusbd_175x_6x_lib.a(mw_usbd_hiduser.o)
                0x0000211c                mwHID_GetIdle
 .text.mwHID_SetIdle
                0x00002132       0x24 /home/jaguar/Documents/FreeRtos/USB_project/pheri_usb_custom_proj/workspace3_BulkEP _cleanup/lpc_chip_175x_6x/libs/libusbd_175x_6x_lib.a(mw_usbd_hiduser.o)
                0x00002132                mwHID_SetIdle
 .text.mwHID_SetProtocol
                0x00002156       0x1a /home/jaguar/Documents/FreeRtos/USB_project/pheri_usb_custom_proj/workspace3_BulkEP _cleanup/lpc_chip_175x_6x/libs/libusbd_175x_6x_lib.a(mw_usbd_hiduser.o)
                0x00002156                mwHID_SetProtocol
 .text.mwHID_ep0_hdlr
                0x00002170      0x188 /home/jaguar/Documents/FreeRtos/USB_project/pheri_usb_custom_proj/workspace3_BulkEP _cleanup/lpc_chip_175x_6x/libs/libusbd_175x_6x_lib.a(mw_usbd_hiduser.o)
                0x00002170                mwHID_ep0_hdlr
 .text.mwHID_GetMemSize
                0x000022f8        0x8 /home/jaguar/Documents/FreeRtos/USB_project/pheri_usb_custom_proj/workspace3_BulkEP _cleanup/lpc_chip_175x_6x/libs/libusbd_175x_6x_lib.a(mw_usbd_hiduser.o)
                0x000022f8                mwHID_GetMemSize
 .text.mwHID_init
                0x00002300      0x174 /home/jaguar/Documents/FreeRtos/USB_project/pheri_usb_custom_proj/workspace3_BulkEP _cleanup/lpc_chip_175x_6x/libs/libusbd_175x_6x_lib.a(mw_usbd_hiduser.o)
                0x00002300                mwHID_init
 .text.__main   0x00002474       0x14 /usr/local/lpcxpresso_7.8.0_426/lpcxpresso/tools/bin/../lib/gcc/arm-none-eabi/4.9.3/../../../../arm-none-eabi/lib/armv7-m/libcr_nohost.a(_cr__main.o)
                0x00002474                __main
 .text.memcpy   0x00002488        0x4 /usr/local/lpcxpresso_7.8.0_426/lpcxpresso/tools/bin/../lib/gcc/arm-none-eabi/4.9.3/../../../../arm-none-eabi/lib/armv7-m/libcr_c.a(memcpy.o)
                0x00002488                memcpy
 .text.memset   0x0000248c        0x4 /usr/local/lpcxpresso_7.8.0_426/lpcxpresso/tools/bin/../lib/gcc/arm-none-eabi/4.9.3/../../../../arm-none-eabi/lib/armv7-m/libcr_c.a(memset.o)
                0x0000248c                memset
 .text._initio  0x00002490       0xa4 /usr/local/lpcxpresso_7.8.0_426/lpcxpresso/tools/bin/../lib/gcc/arm-none-eabi/4.9.3/../../../../arm-none-eabi/lib/armv7-m/libcr_c.a(initio.o)
                0x00002490                _initio
 .text.setvbuf  0x00002534       0x40 /usr/local/lpcxpresso_7.8.0_426/lpcxpresso/tools/bin/../lib/gcc/arm-none-eabi/4.9.3/../../../../arm-none-eabi/lib/armv7-m/libcr_c.a(setvbuf.o)
                0x00002534                setvbuf
 .text._deferredlazyseek
                0x00002574       0x44 /usr/local/lpcxpresso_7.8.0_426/lpcxpresso/tools/bin/../lib/gcc/arm-none-eabi/4.9.3/../../../../arm-none-eabi/lib/armv7-m/libcr_c.a(_deferredlazyseek.o)
                0x00002574                _deferredlazyseek
 .text._fdopen  0x000025b8       0x6a /usr/local/lpcxpresso_7.8.0_426/lpcxpresso/tools/bin/../lib/gcc/arm-none-eabi/4.9.3/../../../../arm-none-eabi/lib/armv7-m/libcr_c.a(_fdopen.o)
                0x000025b8                _fdopen
 .text._fflush  0x00002622       0x58 /usr/local/lpcxpresso_7.8.0_426/lpcxpresso/tools/bin/../lib/gcc/arm-none-eabi/4.9.3/../../../../arm-none-eabi/lib/armv7-m/libcr_c.a(_fflush.o)
                0x00002622                _fflush
 *fill*         0x0000267a        0x2 
 .text._Cwritebuf
                0x0000267c       0x68 /usr/local/lpcxpresso_7.8.0_426/lpcxpresso/tools/bin/../lib/gcc/arm-none-eabi/4.9.3/../../../../arm-none-eabi/lib/armv7-m/libcr_c.a(_writebuf.o)
                0x0000267c                _Cwritebuf
 .text.malloc   0x000026e4       0xcc /usr/local/lpcxpresso_7.8.0_426/lpcxpresso/tools/bin/../lib/gcc/arm-none-eabi/4.9.3/../../../../arm-none-eabi/lib/armv7-m/libcr_c.a(alloc.o)
                0x000026e4                malloc
 .text.free     0x000027b0       0x30 /usr/local/lpcxpresso_7.8.0_426/lpcxpresso/tools/bin/../lib/gcc/arm-none-eabi/4.9.3/../../../../arm-none-eabi/lib/armv7-m/libcr_c.a(alloc.o)
                0x000027b0                free
 .text._Csys_alloc
                0x000027e0       0x20 /usr/local/lpcxpresso_7.8.0_426/lpcxpresso/tools/bin/../lib/gcc/arm-none-eabi/4.9.3/../../../../arm-none-eabi/lib/armv7-m/libcr_c.a(alloc.o)
                0x000027e0                _Csys_alloc
 .text.fclose   0x00002800       0x6c /usr/local/lpcxpresso_7.8.0_426/lpcxpresso/tools/bin/../lib/gcc/arm-none-eabi/4.9.3/../../../../arm-none-eabi/lib/armv7-m/libcr_c.a(fclose.o)
                0x00002800                fclose
 .text.fflush   0x0000286c       0x30 /usr/local/lpcxpresso_7.8.0_426/lpcxpresso/tools/bin/../lib/gcc/arm-none-eabi/4.9.3/../../../../arm-none-eabi/lib/armv7-m/libcr_c.a(fflush.o)
                0x0000286c                fflush
 .text.fseek    0x0000289c      0x110 /usr/local/lpcxpresso_7.8.0_426/lpcxpresso/tools/bin/../lib/gcc/arm-none-eabi/4.9.3/../../../../arm-none-eabi/lib/armv7-m/libcr_c.a(fseek.o)
                0x0000289c                fseek
 .text.ftell    0x000029ac       0x4c /usr/local/lpcxpresso_7.8.0_426/lpcxpresso/tools/bin/../lib/gcc/arm-none-eabi/4.9.3/../../../../arm-none-eabi/lib/armv7-m/libcr_c.a(ftell.o)
                0x000029ac                ftell
 .text.remove   0x000029f8       0x14 /usr/local/lpcxpresso_7.8.0_426/lpcxpresso/tools/bin/../lib/gcc/arm-none-eabi/4.9.3/../../../../arm-none-eabi/lib/armv7-m/libcr_c.a(remove.o)
                0x000029f8                remove
 .text.strlen   0x00002a0c       0x4a /usr/local/lpcxpresso_7.8.0_426/lpcxpresso/tools/bin/../lib/gcc/arm-none-eabi/4.9.3/../../../../arm-none-eabi/lib/armv7-m/libcr_c.a(strlen.o)
                0x00002a0c                strlen
 *fill*         0x00002a56        0x2 
 .text._sbrk    0x00002a58       0x40 /usr/local/lpcxpresso_7.8.0_426/lpcxpresso/tools/bin/../lib/gcc/arm-none-eabi/4.9.3/../../../../arm-none-eabi/lib/armv7-m/libcr_c.a(_cr_sbrk.o)
                0x00002a58                _sbrk
 .text._do_fflush
                0x00002a98       0x44 /usr/local/lpcxpresso_7.8.0_426/lpcxpresso/tools/bin/../lib/gcc/arm-none-eabi/4.9.3/../../../../arm-none-eabi/lib/armv7-m/libcr_c.a(_do_fflush.o)
                0x00002a98                _do_fflush
 .text.__check_heap_overflow
                0x00002adc       0x18 /usr/local/lpcxpresso_7.8.0_426/lpcxpresso/tools/bin/../lib/gcc/arm-none-eabi/4.9.3/../../../../arm-none-eabi/lib/armv7-m/libcr_c.a(_cr_check_heap.o)
                0x00002adc                __check_heap_overflow
 .text.__aeabi_memcpy
                0x00002af4       0x34 /usr/local/lpcxpresso_7.8.0_426/lpcxpresso/tools/bin/../lib/gcc/arm-none-eabi/4.9.3/armv7-m/libcr_eabihelpers.a(memcpy.o)
                0x00002af4                __aeabi_memcpy
                0x00002afe                __aeabi_memcpy4
                0x00002afe                __aeabi_memcpy8
 .text.__aeabi_memset_lowlevel
                0x00002b28       0x32 /usr/local/lpcxpresso_7.8.0_426/lpcxpresso/tools/bin/../lib/gcc/arm-none-eabi/4.9.3/armv7-m/libcr_eabihelpers.a(memcpy.o)
                0x00002b28                __aeabi_lowlevel_memset
 .text.__sys_appexit
                0x00002b5a        0x2 /usr/local/lpcxpresso_7.8.0_426/lpcxpresso/tools/bin/../lib/gcc/arm-none-eabi/4.9.3/../../../../arm-none-eabi/lib/armv7-m/libcr_nohost.a(__sys_appexit.o)
                0x00002b5a                __exit
                0x00002b5a                __sys_appexit
 .text.__sys_close
                0x00002b5c        0x6 /usr/local/lpcxpresso_7.8.0_426/lpcxpresso/tools/bin/../lib/gcc/arm-none-eabi/4.9.3/../../../../arm-none-eabi/lib/armv7-m/libcr_nohost.a(__sys_close.o)
                0x00002b5c                __sys_close
 .text.__sys_flen
                0x00002b62        0x6 /usr/local/lpcxpresso_7.8.0_426/lpcxpresso/tools/bin/../lib/gcc/arm-none-eabi/4.9.3/../../../../arm-none-eabi/lib/armv7-m/libcr_nohost.a(__sys_flen.o)
                0x00002b62                __sys_flen
 .text.__sys_istty
                0x00002b68        0x6 /usr/local/lpcxpresso_7.8.0_426/lpcxpresso/tools/bin/../lib/gcc/arm-none-eabi/4.9.3/../../../../arm-none-eabi/lib/armv7-m/libcr_nohost.a(__sys_istty.o)
                0x00002b68                __sys_istty
 .text.__sys_remove
                0x00002b6e        0x6 /usr/local/lpcxpresso_7.8.0_426/lpcxpresso/tools/bin/../lib/gcc/arm-none-eabi/4.9.3/../../../../arm-none-eabi/lib/armv7-m/libcr_nohost.a(__sys_remove.o)
                0x00002b6e                __sys_remove
 .text.__sys_seek
                0x00002b74        0x6 /usr/local/lpcxpresso_7.8.0_426/lpcxpresso/tools/bin/../lib/gcc/arm-none-eabi/4.9.3/../../../../arm-none-eabi/lib/armv7-m/libcr_nohost.a(__sys_seek.o)
                0x00002b74                __sys_seek
 .text.__sys_tmpnam
                0x00002b7a        0x6 /usr/local/lpcxpresso_7.8.0_426/lpcxpresso/tools/bin/../lib/gcc/arm-none-eabi/4.9.3/../../../../arm-none-eabi/lib/armv7-m/libcr_nohost.a(__sys_tmpnam.o)
                0x00002b7a                __sys_tmpnam
 *(.rodata .rodata.* .constdata .constdata.*)
 .rodata.USB_DeviceDescriptor
                0x00002b80       0x14 ./example/src/hid_desc.o
                0x00002b80                USB_DeviceDescriptor
 .rodata.USB_StringDescriptor
                0x00002b94       0x54 ./example/src/hid_desc.o
                0x00002b94                USB_StringDescriptor
 .rodata.g_usbApi
                0x00002be8       0x20 ./example/src/hid_main.o
 .rodata.OscRateIn
                0x00002c08        0x4 /home/jaguar/Documents/FreeRtos/USB_project/pheri_usb_custom_proj/workspace3_BulkEP _cleanup/lpc_board_nxp_lpcxpresso_1769/Debug/liblpc_board_nxp_lpcxpresso_1769.a(board.o)
                0x00002c08                OscRateIn
 .rodata.RTCOscRateIn
                0x00002c0c        0x4 /home/jaguar/Documents/FreeRtos/USB_project/pheri_usb_custom_proj/workspace3_BulkEP _cleanup/lpc_board_nxp_lpcxpresso_1769/Debug/liblpc_board_nxp_lpcxpresso_1769.a(board.o)
                0x00002c0c                RTCOscRateIn
 .rodata.pinmuxing
                0x00002c10       0x5c /home/jaguar/Documents/FreeRtos/USB_project/pheri_usb_custom_proj/workspace3_BulkEP _cleanup/lpc_board_nxp_lpcxpresso_1769/Debug/liblpc_board_nxp_lpcxpresso_1769.a(board_sysinit.o)
 .rodata.hw_api
                0x00002c6c       0x5c /home/jaguar/Documents/FreeRtos/USB_project/pheri_usb_custom_proj/workspace3_BulkEP _cleanup/lpc_chip_175x_6x/libs/libusbd_175x_6x_lib.a(mw_usbd_rom_api.o)
                0x00002c6c                hw_api
 .rodata.core_api
                0x00002cc8       0x20 /home/jaguar/Documents/FreeRtos/USB_project/pheri_usb_custom_proj/workspace3_BulkEP _cleanup/lpc_chip_175x_6x/libs/libusbd_175x_6x_lib.a(mw_usbd_rom_api.o)
                0x00002cc8                core_api
 .rodata.hid_api
                0x00002ce8        0x8 /home/jaguar/Documents/FreeRtos/USB_project/pheri_usb_custom_proj/workspace3_BulkEP _cleanup/lpc_chip_175x_6x/libs/libusbd_175x_6x_lib.a(mw_usbd_rom_api.o)
                0x00002ce8                hid_api
 .rodata.str1.1
                0x00002cf0        0x4 /usr/local/lpcxpresso_7.8.0_426/lpcxpresso/tools/bin/../lib/gcc/arm-none-eabi/4.9.3/../../../../arm-none-eabi/lib/armv7-m/libcr_c.a(initio.o)
 .rodata.str1.1
                0x00002cf4       0x18 /usr/local/lpcxpresso_7.8.0_426/lpcxpresso/tools/bin/../lib/gcc/arm-none-eabi/4.9.3/../../../../arm-none-eabi/lib/armv7-m/libcr_c.a(alloc.o)
                0x00002d0c                . = ALIGN (0x4)

.glue_7         0x00002d0c        0x0
 .glue_7        0x00000000        0x0 linker stubs

.glue_7t        0x00002d0c        0x0
 .glue_7t       0x00000000        0x0 linker stubs

.vfp11_veneer   0x00002d0c        0x0
 .vfp11_veneer  0x00000000        0x0 linker stubs

.v4_bx          0x00002d0c        0x0
 .v4_bx         0x00000000        0x0 linker stubs

.iplt           0x00002d0c        0x0
 .iplt          0x00000000        0x0 ./example/src/cr_startup_lpc175x_6x.o

.rel.dyn        0x00002d0c        0x0
 .rel.iplt      0x00000000        0x0 ./example/src/cr_startup_lpc175x_6x.o

.ARM.extab
 *(.ARM.extab* .gnu.linkonce.armextab.*)
                0x00002d0c                __exidx_start = .

.ARM.exidx
 *(.ARM.exidx* .gnu.linkonce.armexidx.*)
                0x00002d0c                __exidx_end = .
                0x00002d0c                _etext = .

.data_RAM2      0x2007c000        0x0 load address 0x00002d0c
 FILL mask 0xff
                0x2007c000                PROVIDE (__start_data_RAM2, .)
 *(.ramfunc.$RAM2)
 *(.ramfunc.$RamAHB32)
 *(.data.$RAM2*)
 *(.data.$RamAHB32*)
                0x2007c000                . = ALIGN (0x4)
                0x2007c000                PROVIDE (__end_data_RAM2, .)

.uninit_RESERVED
                0x10000000        0x0
 *(.bss.$RESERVED*)
                0x10000000                . = ALIGN (0x4)
                0x10000000                _end_uninit_RESERVED = .

.data           0x10000000       0x68 load address 0x00002d0c
 FILL mask 0xff
                0x10000000                _data = .
 *(vtable)
 *(.ramfunc*)
 *(.data*)
 .data.USB_FsConfigDescriptor
                0x10000000       0x24 ./example/src/hid_desc.o
                0x10000000                USB_FsConfigDescriptor
 .data.g_pUsbApi
                0x10000024        0x4 ./example/src/hid_main.o
                0x10000024                g_pUsbApi
 .data.EP_send_data
                0x10000028       0x40 ./example/src/hid_main.o
                0x10000028                EP_send_data
                0x10000068                . = ALIGN (0x4)
                0x10000068                _edata = .

.igot.plt       0x10000068        0x0 load address 0x00002d74
 .igot.plt      0x00000000        0x0 ./example/src/cr_startup_lpc175x_6x.o

.bss_RAM2       0x2007c000        0x0
                0x2007c000                PROVIDE (__start_bss_RAM2, .)
 *(.bss.$RAM2*)
 *(.bss.$RamAHB32*)
                0x2007c000                . = ALIGN (0x4)
                0x2007c000                PROVIDE (__end_bss_RAM2, .)

.bss            0x10000068      0x164
                0x10000068                _bss = .
 *(.bss*)
 .bss.g_hUsb    0x10000068        0x4 ./example/src/hid_main.o
 .bss.index     0x1000006c        0x4 ./example/src/hid_main.o
                0x1000006c                index
 .bss.errno     0x10000070        0x4 /usr/local/lpcxpresso_7.8.0_426/lpcxpresso/tools/bin/../lib/gcc/arm-none-eabi/4.9.3/../../../../arm-none-eabi/lib/armv7-m/libcr_c.a(errno.o)
                0x10000070                errno
 *(COMMON)
 COMMON         0x10000074        0x8 ./example/src/hid_main.o
                0x10000074                EP_data
 COMMON         0x1000007c        0x4 /home/jaguar/Documents/FreeRtos/USB_project/pheri_usb_custom_proj/workspace3_BulkEP _cleanup/lpc_chip_175x_6x/Debug/liblpc_chip_175x_6x.a(chip_17xx_40xx.o)
                0x1000007c                SystemCoreClock
 COMMON         0x10000080        0x4 /usr/local/lpcxpresso_7.8.0_426/lpcxpresso/tools/bin/../lib/gcc/arm-none-eabi/4.9.3/../../../../arm-none-eabi/lib/armv7-m/libcr_c.a(initio.o)
                0x10000080                _extra
 COMMON         0x10000084      0x140 /usr/local/lpcxpresso_7.8.0_426/lpcxpresso/tools/bin/../lib/gcc/arm-none-eabi/4.9.3/../../../../arm-none-eabi/lib/armv7-m/libcr_c.a(stdio.o)
                0x10000084                __Ciob
 COMMON         0x100001c4        0x8 /usr/local/lpcxpresso_7.8.0_426/lpcxpresso/tools/bin/../lib/gcc/arm-none-eabi/4.9.3/../../../../arm-none-eabi/lib/armv7-m/libcr_c.a(__init_alloc.o)
                0x100001c4                __heaps
                0x100001c8                __end_of_heap
                0x100001cc                . = ALIGN (0x4)
                0x100001cc                _ebss = .
                0x100001cc                PROVIDE (end, .)

.noinit_RAM2    0x2007c000        0x0
 *(.noinit.$RAM2*)
 *(.noinit.$RamAHB32*)
                0x2007c000                . = ALIGN (0x4)

.noinit         0x100001cc        0x0
                0x100001cc                _noinit = .
 *(.noinit*)
                0x100001cc                . = ALIGN (0x4)
                0x100001cc                _end_noinit = .
                0x100001cc                PROVIDE (_pvHeapStart, DEFINED (__user_heap_base)?__user_heap_base:.)
                0x10008000                PROVIDE (_vStackTop, DEFINED (__user_stack_top)?__user_stack_top:(__top_RamLoc32 - 0x0))
OUTPUT(usbd_lib_hid_generic.axf elf32-littlearm)

.debug_info     0x00000000     0xceeb
 .debug_info    0x00000000      0x24b ./example/src/cr_startup_lpc175x_6x.o
 .debug_info    0x0000024b      0x126 ./example/src/hid_desc.o
 .debug_info    0x00000371     0x22e4 ./example/src/hid_main.o
 .debug_info    0x00002655      0x110 ./example/src/sysinit.o
 .debug_info    0x00002765     0x1392 /home/jaguar/Documents/FreeRtos/USB_project/pheri_usb_custom_proj/workspace3_BulkEP _cleanup/lpc_board_nxp_lpcxpresso_1769/Debug/liblpc_board_nxp_lpcxpresso_1769.a(board.o)
 .debug_info    0x00003af7      0x558 /home/jaguar/Documents/FreeRtos/USB_project/pheri_usb_custom_proj/workspace3_BulkEP _cleanup/lpc_board_nxp_lpcxpresso_1769/Debug/liblpc_board_nxp_lpcxpresso_1769.a(board_sysinit.o)
 .debug_info    0x0000404f      0x50a /home/jaguar/Documents/FreeRtos/USB_project/pheri_usb_custom_proj/workspace3_BulkEP _cleanup/lpc_chip_175x_6x/Debug/liblpc_chip_175x_6x.a(chip_17xx_40xx.o)
 .debug_info    0x00004559      0xb46 /home/jaguar/Documents/FreeRtos/USB_project/pheri_usb_custom_proj/workspace3_BulkEP _cleanup/lpc_chip_175x_6x/Debug/liblpc_chip_175x_6x.a(clock_17xx_40xx.o)
 .debug_info    0x0000509f      0x2d9 /home/jaguar/Documents/FreeRtos/USB_project/pheri_usb_custom_proj/workspace3_BulkEP _cleanup/lpc_chip_175x_6x/Debug/liblpc_chip_175x_6x.a(iocon_17xx_40xx.o)
 .debug_info    0x00005378      0x431 /home/jaguar/Documents/FreeRtos/USB_project/pheri_usb_custom_proj/workspace3_BulkEP _cleanup/lpc_chip_175x_6x/Debug/liblpc_chip_175x_6x.a(sysinit_17xx_40xx.o)
 .debug_info    0x000057a9      0xeb9 /home/jaguar/Documents/FreeRtos/USB_project/pheri_usb_custom_proj/workspace3_BulkEP _cleanup/lpc_chip_175x_6x/Debug/liblpc_chip_175x_6x.a(uart_17xx_40xx.o)
 .debug_info    0x00006662     0x14f8 /home/jaguar/Documents/FreeRtos/USB_project/pheri_usb_custom_proj/workspace3_BulkEP _cleanup/lpc_chip_175x_6x/libs/libusbd_175x_6x_lib.a(mw_usbd_rom_api.o)
 .debug_info    0x00007b5a     0x1f77 /home/jaguar/Documents/FreeRtos/USB_project/pheri_usb_custom_proj/workspace3_BulkEP _cleanup/lpc_chip_175x_6x/libs/libusbd_175x_6x_lib.a(hw_usbd_ip3503.o)
 .debug_info    0x00009ad1     0x1f80 /home/jaguar/Documents/FreeRtos/USB_project/pheri_usb_custom_proj/workspace3_BulkEP _cleanup/lpc_chip_175x_6x/libs/libusbd_175x_6x_lib.a(mw_usbd_core.o)
 .debug_info    0x0000ba51     0x149a /home/jaguar/Documents/FreeRtos/USB_project/pheri_usb_custom_proj/workspace3_BulkEP _cleanup/lpc_chip_175x_6x/libs/libusbd_175x_6x_lib.a(mw_usbd_hiduser.o)

.debug_abbrev   0x00000000     0x1faa
 .debug_abbrev  0x00000000       0xf5 ./example/src/cr_startup_lpc175x_6x.o
 .debug_abbrev  0x000000f5       0x71 ./example/src/hid_desc.o
 .debug_abbrev  0x00000166      0x336 ./example/src/hid_main.o
 .debug_abbrev  0x0000049c       0xa3 ./example/src/sysinit.o
 .debug_abbrev  0x0000053f      0x373 /home/jaguar/Documents/FreeRtos/USB_project/pheri_usb_custom_proj/workspace3_BulkEP _cleanup/lpc_board_nxp_lpcxpresso_1769/Debug/liblpc_board_nxp_lpcxpresso_1769.a(board.o)
 .debug_abbrev  0x000008b2      0x15a /home/jaguar/Documents/FreeRtos/USB_project/pheri_usb_custom_proj/workspace3_BulkEP _cleanup/lpc_board_nxp_lpcxpresso_1769/Debug/liblpc_board_nxp_lpcxpresso_1769.a(board_sysinit.o)
 .debug_abbrev  0x00000a0c      0x138 /home/jaguar/Documents/FreeRtos/USB_project/pheri_usb_custom_proj/workspace3_BulkEP _cleanup/lpc_chip_175x_6x/Debug/liblpc_chip_175x_6x.a(chip_17xx_40xx.o)
 .debug_abbrev  0x00000b44      0x2e4 /home/jaguar/Documents/FreeRtos/USB_project/pheri_usb_custom_proj/workspace3_BulkEP _cleanup/lpc_chip_175x_6x/Debug/liblpc_chip_175x_6x.a(clock_17xx_40xx.o)
 .debug_abbrev  0x00000e28      0x126 /home/jaguar/Documents/FreeRtos/USB_project/pheri_usb_custom_proj/workspace3_BulkEP _cleanup/lpc_chip_175x_6x/Debug/liblpc_chip_175x_6x.a(iocon_17xx_40xx.o)
 .debug_abbrev  0x00000f4e      0x171 /home/jaguar/Documents/FreeRtos/USB_project/pheri_usb_custom_proj/workspace3_BulkEP _cleanup/lpc_chip_175x_6x/Debug/liblpc_chip_175x_6x.a(sysinit_17xx_40xx.o)
 .debug_abbrev  0x000010bf      0x2e2 /home/jaguar/Documents/FreeRtos/USB_project/pheri_usb_custom_proj/workspace3_BulkEP _cleanup/lpc_chip_175x_6x/Debug/liblpc_chip_175x_6x.a(uart_17xx_40xx.o)
 .debug_abbrev  0x000013a1      0x143 /home/jaguar/Documents/FreeRtos/USB_project/pheri_usb_custom_proj/workspace3_BulkEP _cleanup/lpc_chip_175x_6x/libs/libusbd_175x_6x_lib.a(mw_usbd_rom_api.o)
 .debug_abbrev  0x000014e4      0x3b8 /home/jaguar/Documents/FreeRtos/USB_project/pheri_usb_custom_proj/workspace3_BulkEP _cleanup/lpc_chip_175x_6x/libs/libusbd_175x_6x_lib.a(hw_usbd_ip3503.o)
 .debug_abbrev  0x0000189c      0x3f6 /home/jaguar/Documents/FreeRtos/USB_project/pheri_usb_custom_proj/workspace3_BulkEP _cleanup/lpc_chip_175x_6x/libs/libusbd_175x_6x_lib.a(mw_usbd_core.o)
 .debug_abbrev  0x00001c92      0x318 /home/jaguar/Documents/FreeRtos/USB_project/pheri_usb_custom_proj/workspace3_BulkEP _cleanup/lpc_chip_175x_6x/libs/libusbd_175x_6x_lib.a(mw_usbd_hiduser.o)

.debug_aranges  0x00000000      0x818
 .debug_aranges
                0x00000000       0x80 ./example/src/cr_startup_lpc175x_6x.o
 .debug_aranges
                0x00000080       0x18 ./example/src/hid_desc.o
 .debug_aranges
                0x00000098       0x58 ./example/src/hid_main.o
 .debug_aranges
                0x000000f0       0x20 ./example/src/sysinit.o
 .debug_aranges
                0x00000110      0x160 /home/jaguar/Documents/FreeRtos/USB_project/pheri_usb_custom_proj/workspace3_BulkEP _cleanup/lpc_board_nxp_lpcxpresso_1769/Debug/liblpc_board_nxp_lpcxpresso_1769.a(board.o)
 .debug_aranges
                0x00000270       0x38 /home/jaguar/Documents/FreeRtos/USB_project/pheri_usb_custom_proj/workspace3_BulkEP _cleanup/lpc_board_nxp_lpcxpresso_1769/Debug/liblpc_board_nxp_lpcxpresso_1769.a(board_sysinit.o)
 .debug_aranges
                0x000002a8       0x38 /home/jaguar/Documents/FreeRtos/USB_project/pheri_usb_custom_proj/workspace3_BulkEP _cleanup/lpc_chip_175x_6x/Debug/liblpc_chip_175x_6x.a(chip_17xx_40xx.o)
 .debug_aranges
                0x000002e0      0x120 /home/jaguar/Documents/FreeRtos/USB_project/pheri_usb_custom_proj/workspace3_BulkEP _cleanup/lpc_chip_175x_6x/Debug/liblpc_chip_175x_6x.a(clock_17xx_40xx.o)
 .debug_aranges
                0x00000400       0x30 /home/jaguar/Documents/FreeRtos/USB_project/pheri_usb_custom_proj/workspace3_BulkEP _cleanup/lpc_chip_175x_6x/Debug/liblpc_chip_175x_6x.a(iocon_17xx_40xx.o)
 .debug_aranges
                0x00000430       0x60 /home/jaguar/Documents/FreeRtos/USB_project/pheri_usb_custom_proj/workspace3_BulkEP _cleanup/lpc_chip_175x_6x/Debug/liblpc_chip_175x_6x.a(sysinit_17xx_40xx.o)
 .debug_aranges
                0x00000490      0x128 /home/jaguar/Documents/FreeRtos/USB_project/pheri_usb_custom_proj/workspace3_BulkEP _cleanup/lpc_chip_175x_6x/Debug/liblpc_chip_175x_6x.a(uart_17xx_40xx.o)
 .debug_aranges
                0x000005b8       0x18 /home/jaguar/Documents/FreeRtos/USB_project/pheri_usb_custom_proj/workspace3_BulkEP _cleanup/lpc_chip_175x_6x/libs/libusbd_175x_6x_lib.a(mw_usbd_rom_api.o)
 .debug_aranges
                0x000005d0      0x118 /home/jaguar/Documents/FreeRtos/USB_project/pheri_usb_custom_proj/workspace3_BulkEP _cleanup/lpc_chip_175x_6x/libs/libusbd_175x_6x_lib.a(hw_usbd_ip3503.o)
 .debug_aranges
                0x000006e8       0xd8 /home/jaguar/Documents/FreeRtos/USB_project/pheri_usb_custom_proj/workspace3_BulkEP _cleanup/lpc_chip_175x_6x/libs/libusbd_175x_6x_lib.a(mw_usbd_core.o)
 .debug_aranges
                0x000007c0       0x58 /home/jaguar/Documents/FreeRtos/USB_project/pheri_usb_custom_proj/workspace3_BulkEP _cleanup/lpc_chip_175x_6x/libs/libusbd_175x_6x_lib.a(mw_usbd_hiduser.o)

.debug_ranges   0x00000000      0x730
 .debug_ranges  0x00000000       0x70 ./example/src/cr_startup_lpc175x_6x.o
 .debug_ranges  0x00000070       0x48 ./example/src/hid_main.o
 .debug_ranges  0x000000b8       0x10 ./example/src/sysinit.o
 .debug_ranges  0x000000c8      0x150 /home/jaguar/Documents/FreeRtos/USB_project/pheri_usb_custom_proj/workspace3_BulkEP _cleanup/lpc_board_nxp_lpcxpresso_1769/Debug/liblpc_board_nxp_lpcxpresso_1769.a(board.o)
 .debug_ranges  0x00000218       0x28 /home/jaguar/Documents/FreeRtos/USB_project/pheri_usb_custom_proj/workspace3_BulkEP _cleanup/lpc_board_nxp_lpcxpresso_1769/Debug/liblpc_board_nxp_lpcxpresso_1769.a(board_sysinit.o)
 .debug_ranges  0x00000240       0x28 /home/jaguar/Documents/FreeRtos/USB_project/pheri_usb_custom_proj/workspace3_BulkEP _cleanup/lpc_chip_175x_6x/Debug/liblpc_chip_175x_6x.a(chip_17xx_40xx.o)
 .debug_ranges  0x00000268      0x110 /home/jaguar/Documents/FreeRtos/USB_project/pheri_usb_custom_proj/workspace3_BulkEP _cleanup/lpc_chip_175x_6x/Debug/liblpc_chip_175x_6x.a(clock_17xx_40xx.o)
 .debug_ranges  0x00000378       0x20 /home/jaguar/Documents/FreeRtos/USB_project/pheri_usb_custom_proj/workspace3_BulkEP _cleanup/lpc_chip_175x_6x/Debug/liblpc_chip_175x_6x.a(iocon_17xx_40xx.o)
 .debug_ranges  0x00000398       0x50 /home/jaguar/Documents/FreeRtos/USB_project/pheri_usb_custom_proj/workspace3_BulkEP _cleanup/lpc_chip_175x_6x/Debug/liblpc_chip_175x_6x.a(sysinit_17xx_40xx.o)
 .debug_ranges  0x000003e8      0x118 /home/jaguar/Documents/FreeRtos/USB_project/pheri_usb_custom_proj/workspace3_BulkEP _cleanup/lpc_chip_175x_6x/Debug/liblpc_chip_175x_6x.a(uart_17xx_40xx.o)
 .debug_ranges  0x00000500      0x108 /home/jaguar/Documents/FreeRtos/USB_project/pheri_usb_custom_proj/workspace3_BulkEP _cleanup/lpc_chip_175x_6x/libs/libusbd_175x_6x_lib.a(hw_usbd_ip3503.o)
 .debug_ranges  0x00000608       0xe0 /home/jaguar/Documents/FreeRtos/USB_project/pheri_usb_custom_proj/workspace3_BulkEP _cleanup/lpc_chip_175x_6x/libs/libusbd_175x_6x_lib.a(mw_usbd_core.o)
 .debug_ranges  0x000006e8       0x48 /home/jaguar/Documents/FreeRtos/USB_project/pheri_usb_custom_proj/workspace3_BulkEP _cleanup/lpc_chip_175x_6x/libs/libusbd_175x_6x_lib.a(mw_usbd_hiduser.o)

.debug_macro    0x00000000     0x31b2
 .debug_macro   0x00000000       0x1d ./example/src/cr_startup_lpc175x_6x.o
 .debug_macro   0x0000001d      0x874 ./example/src/cr_startup_lpc175x_6x.o
 .debug_macro   0x00000891      0x123 ./example/src/hid_desc.o
 .debug_macro   0x000009b4       0x10 ./example/src/hid_desc.o
 .debug_macro   0x000009c4      0x12d ./example/src/hid_desc.o
 .debug_macro   0x00000af1      0x5b2 ./example/src/hid_desc.o
 .debug_macro   0x000010a3       0x22 ./example/src/hid_desc.o
 .debug_macro   0x000010c5       0x7b ./example/src/hid_desc.o
 .debug_macro   0x00001140       0x18 ./example/src/hid_desc.o
 .debug_macro   0x00001158      0x26c ./example/src/hid_desc.o
 .debug_macro   0x000013c4       0x46 ./example/src/hid_desc.o
 .debug_macro   0x0000140a       0x12 ./example/src/hid_desc.o
 .debug_macro   0x0000141c       0xfa ./example/src/hid_desc.o
 .debug_macro   0x00001516       0xee ./example/src/hid_desc.o
 .debug_macro   0x00001604      0x693 ./example/src/hid_desc.o
 .debug_macro   0x00001c97      0x272 ./example/src/hid_desc.o
 .debug_macro   0x00001f09       0x10 ./example/src/hid_desc.o
 .debug_macro   0x00001f19      0x2cf ./example/src/hid_main.o
 .debug_macro   0x000021e8      0x217 ./example/src/sysinit.o
 .debug_macro   0x000023ff      0x289 /home/jaguar/Documents/FreeRtos/USB_project/pheri_usb_custom_proj/workspace3_BulkEP _cleanup/lpc_board_nxp_lpcxpresso_1769/Debug/liblpc_board_nxp_lpcxpresso_1769.a(board.o)
 .debug_macro   0x00002688       0x12 /home/jaguar/Documents/FreeRtos/USB_project/pheri_usb_custom_proj/workspace3_BulkEP _cleanup/lpc_board_nxp_lpcxpresso_1769/Debug/liblpc_board_nxp_lpcxpresso_1769.a(board.o)
 .debug_macro   0x0000269a      0x217 /home/jaguar/Documents/FreeRtos/USB_project/pheri_usb_custom_proj/workspace3_BulkEP _cleanup/lpc_board_nxp_lpcxpresso_1769/Debug/liblpc_board_nxp_lpcxpresso_1769.a(board_sysinit.o)
 .debug_macro   0x000028b1      0x1cd /home/jaguar/Documents/FreeRtos/USB_project/pheri_usb_custom_proj/workspace3_BulkEP _cleanup/lpc_chip_175x_6x/Debug/liblpc_chip_175x_6x.a(chip_17xx_40xx.o)
 .debug_macro   0x00002a7e      0x1cd /home/jaguar/Documents/FreeRtos/USB_project/pheri_usb_custom_proj/workspace3_BulkEP _cleanup/lpc_chip_175x_6x/Debug/liblpc_chip_175x_6x.a(clock_17xx_40xx.o)
 .debug_macro   0x00002c4b      0x1cd /home/jaguar/Documents/FreeRtos/USB_project/pheri_usb_custom_proj/workspace3_BulkEP _cleanup/lpc_chip_175x_6x/Debug/liblpc_chip_175x_6x.a(iocon_17xx_40xx.o)
 .debug_macro   0x00002e18      0x1cd /home/jaguar/Documents/FreeRtos/USB_project/pheri_usb_custom_proj/workspace3_BulkEP _cleanup/lpc_chip_175x_6x/Debug/liblpc_chip_175x_6x.a(sysinit_17xx_40xx.o)
 .debug_macro   0x00002fe5      0x1cd /home/jaguar/Documents/FreeRtos/USB_project/pheri_usb_custom_proj/workspace3_BulkEP _cleanup/lpc_chip_175x_6x/Debug/liblpc_chip_175x_6x.a(uart_17xx_40xx.o)

.debug_line     0x00000000     0x4a52
 .debug_line    0x00000000       0xdd ./example/src/cr_startup_lpc175x_6x.o
 .debug_line    0x000000dd      0x358 ./example/src/hid_desc.o
 .debug_line    0x00000435      0x808 ./example/src/hid_main.o
 .debug_line    0x00000c3d      0x4ef ./example/src/sysinit.o
 .debug_line    0x0000112c      0x89a /home/jaguar/Documents/FreeRtos/USB_project/pheri_usb_custom_proj/workspace3_BulkEP _cleanup/lpc_board_nxp_lpcxpresso_1769/Debug/liblpc_board_nxp_lpcxpresso_1769.a(board.o)
 .debug_line    0x000019c6      0x527 /home/jaguar/Documents/FreeRtos/USB_project/pheri_usb_custom_proj/workspace3_BulkEP _cleanup/lpc_board_nxp_lpcxpresso_1769/Debug/liblpc_board_nxp_lpcxpresso_1769.a(board_sysinit.o)
 .debug_line    0x00001eed      0x486 /home/jaguar/Documents/FreeRtos/USB_project/pheri_usb_custom_proj/workspace3_BulkEP _cleanup/lpc_chip_175x_6x/Debug/liblpc_chip_175x_6x.a(chip_17xx_40xx.o)
 .debug_line    0x00002373      0x6fd /home/jaguar/Documents/FreeRtos/USB_project/pheri_usb_custom_proj/workspace3_BulkEP _cleanup/lpc_chip_175x_6x/Debug/liblpc_chip_175x_6x.a(clock_17xx_40xx.o)
 .debug_line    0x00002a70      0x472 /home/jaguar/Documents/FreeRtos/USB_project/pheri_usb_custom_proj/workspace3_BulkEP _cleanup/lpc_chip_175x_6x/Debug/liblpc_chip_175x_6x.a(iocon_17xx_40xx.o)
 .debug_line    0x00002ee2      0x4fc /home/jaguar/Documents/FreeRtos/USB_project/pheri_usb_custom_proj/workspace3_BulkEP _cleanup/lpc_chip_175x_6x/Debug/liblpc_chip_175x_6x.a(sysinit_17xx_40xx.o)
 .debug_line    0x000033de      0x7ab /home/jaguar/Documents/FreeRtos/USB_project/pheri_usb_custom_proj/workspace3_BulkEP _cleanup/lpc_chip_175x_6x/Debug/liblpc_chip_175x_6x.a(uart_17xx_40xx.o)
 .debug_line    0x00003b89      0x198 /home/jaguar/Documents/FreeRtos/USB_project/pheri_usb_custom_proj/workspace3_BulkEP _cleanup/lpc_chip_175x_6x/libs/libusbd_175x_6x_lib.a(mw_usbd_rom_api.o)
 .debug_line    0x00003d21      0x54e /home/jaguar/Documents/FreeRtos/USB_project/pheri_usb_custom_proj/workspace3_BulkEP _cleanup/lpc_chip_175x_6x/libs/libusbd_175x_6x_lib.a(hw_usbd_ip3503.o)
 .debug_line    0x0000426f      0x4ca /home/jaguar/Documents/FreeRtos/USB_project/pheri_usb_custom_proj/workspace3_BulkEP _cleanup/lpc_chip_175x_6x/libs/libusbd_175x_6x_lib.a(mw_usbd_core.o)
 .debug_line    0x00004739      0x319 /home/jaguar/Documents/FreeRtos/USB_project/pheri_usb_custom_proj/workspace3_BulkEP _cleanup/lpc_chip_175x_6x/libs/libusbd_175x_6x_lib.a(mw_usbd_hiduser.o)

.debug_str      0x00000000    0x18c21
 .debug_str     0x00000000     0x266a ./example/src/cr_startup_lpc175x_6x.o
                               0x267d (size before relaxing)
 .debug_str     0x0000266a     0x5769 ./example/src/hid_desc.o
                               0x7c9a (size before relaxing)
 .debug_str     0x00007dd3     0xe835 ./example/src/hid_main.o
                              0x166ce (size before relaxing)
 .debug_str     0x00016608       0x23 ./example/src/sysinit.o
                              0x10a30 (size before relaxing)
 .debug_str     0x0001662b      0x761 /home/jaguar/Documents/FreeRtos/USB_project/pheri_usb_custom_proj/workspace3_BulkEP _cleanup/lpc_board_nxp_lpcxpresso_1769/Debug/liblpc_board_nxp_lpcxpresso_1769.a(board.o)
                              0x118ff (size before relaxing)
 .debug_str     0x00016d8c      0x135 /home/jaguar/Documents/FreeRtos/USB_project/pheri_usb_custom_proj/workspace3_BulkEP _cleanup/lpc_board_nxp_lpcxpresso_1769/Debug/liblpc_board_nxp_lpcxpresso_1769.a(board_sysinit.o)
                              0x10e39 (size before relaxing)
 .debug_str     0x00016ec1       0xc0 /home/jaguar/Documents/FreeRtos/USB_project/pheri_usb_custom_proj/workspace3_BulkEP _cleanup/lpc_chip_175x_6x/Debug/liblpc_chip_175x_6x.a(chip_17xx_40xx.o)
                              0x10b30 (size before relaxing)
 .debug_str     0x00016f81      0x857 /home/jaguar/Documents/FreeRtos/USB_project/pheri_usb_custom_proj/workspace3_BulkEP _cleanup/lpc_chip_175x_6x/Debug/liblpc_chip_175x_6x.a(clock_17xx_40xx.o)
                              0x1119e (size before relaxing)
 .debug_str     0x000177d8       0x79 /home/jaguar/Documents/FreeRtos/USB_project/pheri_usb_custom_proj/workspace3_BulkEP _cleanup/lpc_chip_175x_6x/Debug/liblpc_chip_175x_6x.a(iocon_17xx_40xx.o)
                              0x1061b (size before relaxing)
 .debug_str     0x00017851       0xc4 /home/jaguar/Documents/FreeRtos/USB_project/pheri_usb_custom_proj/workspace3_BulkEP _cleanup/lpc_chip_175x_6x/Debug/liblpc_chip_175x_6x.a(sysinit_17xx_40xx.o)
                              0x10803 (size before relaxing)
 .debug_str     0x00017915      0x3ab /home/jaguar/Documents/FreeRtos/USB_project/pheri_usb_custom_proj/workspace3_BulkEP _cleanup/lpc_chip_175x_6x/Debug/liblpc_chip_175x_6x.a(uart_17xx_40xx.o)
                              0x11073 (size before relaxing)
 .debug_str     0x00017cc0      0x6ee /home/jaguar/Documents/FreeRtos/USB_project/pheri_usb_custom_proj/workspace3_BulkEP _cleanup/lpc_chip_175x_6x/libs/libusbd_175x_6x_lib.a(mw_usbd_rom_api.o)
                               0x18af (size before relaxing)
 .debug_str     0x000183ae      0x51a /home/jaguar/Documents/FreeRtos/USB_project/pheri_usb_custom_proj/workspace3_BulkEP _cleanup/lpc_chip_175x_6x/libs/libusbd_175x_6x_lib.a(hw_usbd_ip3503.o)
                               0x1ab2 (size before relaxing)
 .debug_str     0x000188c8      0x1c3 /home/jaguar/Documents/FreeRtos/USB_project/pheri_usb_custom_proj/workspace3_BulkEP _cleanup/lpc_chip_175x_6x/libs/libusbd_175x_6x_lib.a(mw_usbd_core.o)
                               0x19a7 (size before relaxing)
 .debug_str     0x00018a8b      0x196 /home/jaguar/Documents/FreeRtos/USB_project/pheri_usb_custom_proj/workspace3_BulkEP _cleanup/lpc_chip_175x_6x/libs/libusbd_175x_6x_lib.a(mw_usbd_hiduser.o)
                               0x1975 (size before relaxing)

.comment        0x00000000      0x150
 .comment       0x00000000       0x70 ./example/src/cr_startup_lpc175x_6x.o
                                 0x71 (size before relaxing)
 .comment       0x00000000       0x71 ./example/src/hid_desc.o
 .comment       0x00000000       0x71 ./example/src/hid_main.o
 .comment       0x00000000       0x71 ./example/src/sysinit.o
 .comment       0x00000000       0x71 /home/jaguar/Documents/FreeRtos/USB_project/pheri_usb_custom_proj/workspace3_BulkEP _cleanup/lpc_board_nxp_lpcxpresso_1769/Debug/liblpc_board_nxp_lpcxpresso_1769.a(board.o)
 .comment       0x00000000       0x71 /home/jaguar/Documents/FreeRtos/USB_project/pheri_usb_custom_proj/workspace3_BulkEP _cleanup/lpc_board_nxp_lpcxpresso_1769/Debug/liblpc_board_nxp_lpcxpresso_1769.a(board_sysinit.o)
 .comment       0x00000000       0x71 /home/jaguar/Documents/FreeRtos/USB_project/pheri_usb_custom_proj/workspace3_BulkEP _cleanup/lpc_chip_175x_6x/Debug/liblpc_chip_175x_6x.a(chip_17xx_40xx.o)
 .comment       0x00000000       0x71 /home/jaguar/Documents/FreeRtos/USB_project/pheri_usb_custom_proj/workspace3_BulkEP _cleanup/lpc_chip_175x_6x/Debug/liblpc_chip_175x_6x.a(clock_17xx_40xx.o)
 .comment       0x00000000       0x71 /home/jaguar/Documents/FreeRtos/USB_project/pheri_usb_custom_proj/workspace3_BulkEP _cleanup/lpc_chip_175x_6x/Debug/liblpc_chip_175x_6x.a(iocon_17xx_40xx.o)
 .comment       0x00000000       0x71 /home/jaguar/Documents/FreeRtos/USB_project/pheri_usb_custom_proj/workspace3_BulkEP _cleanup/lpc_chip_175x_6x/Debug/liblpc_chip_175x_6x.a(sysinit_17xx_40xx.o)
 .comment       0x00000000       0x71 /home/jaguar/Documents/FreeRtos/USB_project/pheri_usb_custom_proj/workspace3_BulkEP _cleanup/lpc_chip_175x_6x/Debug/liblpc_chip_175x_6x.a(uart_17xx_40xx.o)
 .comment       0x00000070       0x70 /home/jaguar/Documents/FreeRtos/USB_project/pheri_usb_custom_proj/workspace3_BulkEP _cleanup/lpc_chip_175x_6x/libs/libusbd_175x_6x_lib.a(mw_usbd_rom_api.o)
                                 0x71 (size before relaxing)
 .comment       0x00000000       0x71 /home/jaguar/Documents/FreeRtos/USB_project/pheri_usb_custom_proj/workspace3_BulkEP _cleanup/lpc_chip_175x_6x/libs/libusbd_175x_6x_lib.a(hw_usbd_ip3503.o)
 .comment       0x00000000       0x71 /home/jaguar/Documents/FreeRtos/USB_project/pheri_usb_custom_proj/workspace3_BulkEP _cleanup/lpc_chip_175x_6x/libs/libusbd_175x_6x_lib.a(mw_usbd_core.o)
 .comment       0x00000000       0x71 /home/jaguar/Documents/FreeRtos/USB_project/pheri_usb_custom_proj/workspace3_BulkEP _cleanup/lpc_chip_175x_6x/libs/libusbd_175x_6x_lib.a(mw_usbd_hiduser.o)
 .comment       0x000000e0       0x70 /usr/local/lpcxpresso_7.8.0_426/lpcxpresso/tools/bin/../lib/gcc/arm-none-eabi/4.9.3/../../../../arm-none-eabi/lib/armv7-m/libcr_nohost.a(_cr__main.o)
                                 0x71 (size before relaxing)
 .comment       0x00000000       0x71 /usr/local/lpcxpresso_7.8.0_426/lpcxpresso/tools/bin/../lib/gcc/arm-none-eabi/4.9.3/../../../../arm-none-eabi/lib/armv7-m/libcr_c.a(memcpy.o)
 .comment       0x00000000       0x71 /usr/local/lpcxpresso_7.8.0_426/lpcxpresso/tools/bin/../lib/gcc/arm-none-eabi/4.9.3/../../../../arm-none-eabi/lib/armv7-m/libcr_c.a(memset.o)
 .comment       0x00000000       0x71 /usr/local/lpcxpresso_7.8.0_426/lpcxpresso/tools/bin/../lib/gcc/arm-none-eabi/4.9.3/../../../../arm-none-eabi/lib/armv7-m/libcr_c.a(initio.o)
 .comment       0x00000000       0x71 /usr/local/lpcxpresso_7.8.0_426/lpcxpresso/tools/bin/../lib/gcc/arm-none-eabi/4.9.3/../../../../arm-none-eabi/lib/armv7-m/libcr_c.a(setvbuf.o)
 .comment       0x00000000       0x71 /usr/local/lpcxpresso_7.8.0_426/lpcxpresso/tools/bin/../lib/gcc/arm-none-eabi/4.9.3/../../../../arm-none-eabi/lib/armv7-m/libcr_c.a(stdio.o)
 .comment       0x00000000       0x71 /usr/local/lpcxpresso_7.8.0_426/lpcxpresso/tools/bin/../lib/gcc/arm-none-eabi/4.9.3/../../../../arm-none-eabi/lib/armv7-m/libcr_c.a(_deferredlazyseek.o)
 .comment       0x00000000       0x71 /usr/local/lpcxpresso_7.8.0_426/lpcxpresso/tools/bin/../lib/gcc/arm-none-eabi/4.9.3/../../../../arm-none-eabi/lib/armv7-m/libcr_c.a(_fdopen.o)
 .comment       0x00000000       0x71 /usr/local/lpcxpresso_7.8.0_426/lpcxpresso/tools/bin/../lib/gcc/arm-none-eabi/4.9.3/../../../../arm-none-eabi/lib/armv7-m/libcr_c.a(_fflush.o)
 .comment       0x00000000       0x71 /usr/local/lpcxpresso_7.8.0_426/lpcxpresso/tools/bin/../lib/gcc/arm-none-eabi/4.9.3/../../../../arm-none-eabi/lib/armv7-m/libcr_c.a(_writebuf.o)
 .comment       0x00000000       0x71 /usr/local/lpcxpresso_7.8.0_426/lpcxpresso/tools/bin/../lib/gcc/arm-none-eabi/4.9.3/../../../../arm-none-eabi/lib/armv7-m/libcr_c.a(alloc.o)
 .comment       0x00000000       0x71 /usr/local/lpcxpresso_7.8.0_426/lpcxpresso/tools/bin/../lib/gcc/arm-none-eabi/4.9.3/../../../../arm-none-eabi/lib/armv7-m/libcr_c.a(fclose.o)
 .comment       0x00000000       0x71 /usr/local/lpcxpresso_7.8.0_426/lpcxpresso/tools/bin/../lib/gcc/arm-none-eabi/4.9.3/../../../../arm-none-eabi/lib/armv7-m/libcr_c.a(fflush.o)
 .comment       0x00000000       0x71 /usr/local/lpcxpresso_7.8.0_426/lpcxpresso/tools/bin/../lib/gcc/arm-none-eabi/4.9.3/../../../../arm-none-eabi/lib/armv7-m/libcr_c.a(fseek.o)
 .comment       0x00000000       0x71 /usr/local/lpcxpresso_7.8.0_426/lpcxpresso/tools/bin/../lib/gcc/arm-none-eabi/4.9.3/../../../../arm-none-eabi/lib/armv7-m/libcr_c.a(ftell.o)
 .comment       0x00000000       0x71 /usr/local/lpcxpresso_7.8.0_426/lpcxpresso/tools/bin/../lib/gcc/arm-none-eabi/4.9.3/../../../../arm-none-eabi/lib/armv7-m/libcr_c.a(remove.o)
 .comment       0x00000000       0x71 /usr/local/lpcxpresso_7.8.0_426/lpcxpresso/tools/bin/../lib/gcc/arm-none-eabi/4.9.3/../../../../arm-none-eabi/lib/armv7-m/libcr_c.a(strlen.o)
 .comment       0x00000000       0x71 /usr/local/lpcxpresso_7.8.0_426/lpcxpresso/tools/bin/../lib/gcc/arm-none-eabi/4.9.3/../../../../arm-none-eabi/lib/armv7-m/libcr_c.a(__init_alloc.o)
 .comment       0x00000000       0x71 /usr/local/lpcxpresso_7.8.0_426/lpcxpresso/tools/bin/../lib/gcc/arm-none-eabi/4.9.3/../../../../arm-none-eabi/lib/armv7-m/libcr_c.a(_cr_sbrk.o)
 .comment       0x00000000       0x71 /usr/local/lpcxpresso_7.8.0_426/lpcxpresso/tools/bin/../lib/gcc/arm-none-eabi/4.9.3/../../../../arm-none-eabi/lib/armv7-m/libcr_c.a(_do_fflush.o)
 .comment       0x00000000       0x71 /usr/local/lpcxpresso_7.8.0_426/lpcxpresso/tools/bin/../lib/gcc/arm-none-eabi/4.9.3/../../../../arm-none-eabi/lib/armv7-m/libcr_c.a(errno.o)
 .comment       0x00000000       0x71 /usr/local/lpcxpresso_7.8.0_426/lpcxpresso/tools/bin/../lib/gcc/arm-none-eabi/4.9.3/../../../../arm-none-eabi/lib/armv7-m/libcr_c.a(_cr_check_heap.o)
 .comment       0x00000000       0x71 /usr/local/lpcxpresso_7.8.0_426/lpcxpresso/tools/bin/../lib/gcc/arm-none-eabi/4.9.3/../../../../arm-none-eabi/lib/armv7-m/libcr_nohost.a(__sys_appexit.o)
 .comment       0x00000000       0x71 /usr/local/lpcxpresso_7.8.0_426/lpcxpresso/tools/bin/../lib/gcc/arm-none-eabi/4.9.3/../../../../arm-none-eabi/lib/armv7-m/libcr_nohost.a(__sys_close.o)
 .comment       0x00000000       0x71 /usr/local/lpcxpresso_7.8.0_426/lpcxpresso/tools/bin/../lib/gcc/arm-none-eabi/4.9.3/../../../../arm-none-eabi/lib/armv7-m/libcr_nohost.a(__sys_flen.o)
 .comment       0x00000000       0x71 /usr/local/lpcxpresso_7.8.0_426/lpcxpresso/tools/bin/../lib/gcc/arm-none-eabi/4.9.3/../../../../arm-none-eabi/lib/armv7-m/libcr_nohost.a(__sys_istty.o)
 .comment       0x00000000       0x71 /usr/local/lpcxpresso_7.8.0_426/lpcxpresso/tools/bin/../lib/gcc/arm-none-eabi/4.9.3/../../../../arm-none-eabi/lib/armv7-m/libcr_nohost.a(__sys_remove.o)
 .comment       0x00000000       0x71 /usr/local/lpcxpresso_7.8.0_426/lpcxpresso/tools/bin/../lib/gcc/arm-none-eabi/4.9.3/../../../../arm-none-eabi/lib/armv7-m/libcr_nohost.a(__sys_seek.o)
 .comment       0x00000000       0x71 /usr/local/lpcxpresso_7.8.0_426/lpcxpresso/tools/bin/../lib/gcc/arm-none-eabi/4.9.3/../../../../arm-none-eabi/lib/armv7-m/libcr_nohost.a(__sys_tmpnam.o)

.ARM.attributes
                0x00000000       0x31
 .ARM.attributes
                0x00000000       0x33 ./example/src/cr_startup_lpc175x_6x.o
 .ARM.attributes
                0x00000033       0x33 ./example/src/hid_desc.o
 .ARM.attributes
                0x00000066       0x33 ./example/src/hid_main.o
 .ARM.attributes
                0x00000099       0x33 ./example/src/sysinit.o
 .ARM.attributes
                0x000000cc       0x33 /home/jaguar/Documents/FreeRtos/USB_project/pheri_usb_custom_proj/workspace3_BulkEP _cleanup/lpc_board_nxp_lpcxpresso_1769/Debug/liblpc_board_nxp_lpcxpresso_1769.a(board.o)
 .ARM.attributes
                0x000000ff       0x33 /home/jaguar/Documents/FreeRtos/USB_project/pheri_usb_custom_proj/workspace3_BulkEP _cleanup/lpc_board_nxp_lpcxpresso_1769/Debug/liblpc_board_nxp_lpcxpresso_1769.a(board_sysinit.o)
 .ARM.attributes
                0x00000132       0x33 /home/jaguar/Documents/FreeRtos/USB_project/pheri_usb_custom_proj/workspace3_BulkEP _cleanup/lpc_chip_175x_6x/Debug/liblpc_chip_175x_6x.a(chip_17xx_40xx.o)
 .ARM.attributes
                0x00000165       0x33 /home/jaguar/Documents/FreeRtos/USB_project/pheri_usb_custom_proj/workspace3_BulkEP _cleanup/lpc_chip_175x_6x/Debug/liblpc_chip_175x_6x.a(clock_17xx_40xx.o)
 .ARM.attributes
                0x00000198       0x33 /home/jaguar/Documents/FreeRtos/USB_project/pheri_usb_custom_proj/workspace3_BulkEP _cleanup/lpc_chip_175x_6x/Debug/liblpc_chip_175x_6x.a(iocon_17xx_40xx.o)
 .ARM.attributes
                0x000001cb       0x33 /home/jaguar/Documents/FreeRtos/USB_project/pheri_usb_custom_proj/workspace3_BulkEP _cleanup/lpc_chip_175x_6x/Debug/liblpc_chip_175x_6x.a(sysinit_17xx_40xx.o)
 .ARM.attributes
                0x000001fe       0x33 /home/jaguar/Documents/FreeRtos/USB_project/pheri_usb_custom_proj/workspace3_BulkEP _cleanup/lpc_chip_175x_6x/Debug/liblpc_chip_175x_6x.a(uart_17xx_40xx.o)
 .ARM.attributes
                0x00000231       0x33 /home/jaguar/Documents/FreeRtos/USB_project/pheri_usb_custom_proj/workspace3_BulkEP _cleanup/lpc_chip_175x_6x/libs/libusbd_175x_6x_lib.a(mw_usbd_rom_api.o)
 .ARM.attributes
                0x00000264       0x33 /home/jaguar/Documents/FreeRtos/USB_project/pheri_usb_custom_proj/workspace3_BulkEP _cleanup/lpc_chip_175x_6x/libs/libusbd_175x_6x_lib.a(hw_usbd_ip3503.o)
 .ARM.attributes
                0x00000297       0x33 /home/jaguar/Documents/FreeRtos/USB_project/pheri_usb_custom_proj/workspace3_BulkEP _cleanup/lpc_chip_175x_6x/libs/libusbd_175x_6x_lib.a(mw_usbd_core.o)
 .ARM.attributes
                0x000002ca       0x33 /home/jaguar/Documents/FreeRtos/USB_project/pheri_usb_custom_proj/workspace3_BulkEP _cleanup/lpc_chip_175x_6x/libs/libusbd_175x_6x_lib.a(mw_usbd_hiduser.o)
 .ARM.attributes
                0x000002fd       0x33 /usr/local/lpcxpresso_7.8.0_426/lpcxpresso/tools/bin/../lib/gcc/arm-none-eabi/4.9.3/../../../../arm-none-eabi/lib/armv7-m/libcr_nohost.a(_cr__main.o)
 .ARM.attributes
                0x00000330       0x33 /usr/local/lpcxpresso_7.8.0_426/lpcxpresso/tools/bin/../lib/gcc/arm-none-eabi/4.9.3/../../../../arm-none-eabi/lib/armv7-m/libcr_c.a(memcpy.o)
 .ARM.attributes
                0x00000363       0x33 /usr/local/lpcxpresso_7.8.0_426/lpcxpresso/tools/bin/../lib/gcc/arm-none-eabi/4.9.3/../../../../arm-none-eabi/lib/armv7-m/libcr_c.a(memset.o)
 .ARM.attributes
                0x00000396       0x33 /usr/local/lpcxpresso_7.8.0_426/lpcxpresso/tools/bin/../lib/gcc/arm-none-eabi/4.9.3/../../../../arm-none-eabi/lib/armv7-m/libcr_c.a(initio.o)
 .ARM.attributes
                0x000003c9       0x33 /usr/local/lpcxpresso_7.8.0_426/lpcxpresso/tools/bin/../lib/gcc/arm-none-eabi/4.9.3/../../../../arm-none-eabi/lib/armv7-m/libcr_c.a(setvbuf.o)
 .ARM.attributes
                0x000003fc       0x33 /usr/local/lpcxpresso_7.8.0_426/lpcxpresso/tools/bin/../lib/gcc/arm-none-eabi/4.9.3/../../../../arm-none-eabi/lib/armv7-m/libcr_c.a(stdio.o)
 .ARM.attributes
                0x0000042f       0x33 /usr/local/lpcxpresso_7.8.0_426/lpcxpresso/tools/bin/../lib/gcc/arm-none-eabi/4.9.3/../../../../arm-none-eabi/lib/armv7-m/libcr_c.a(_deferredlazyseek.o)
 .ARM.attributes
                0x00000462       0x33 /usr/local/lpcxpresso_7.8.0_426/lpcxpresso/tools/bin/../lib/gcc/arm-none-eabi/4.9.3/../../../../arm-none-eabi/lib/armv7-m/libcr_c.a(_fdopen.o)
 .ARM.attributes
                0x00000495       0x33 /usr/local/lpcxpresso_7.8.0_426/lpcxpresso/tools/bin/../lib/gcc/arm-none-eabi/4.9.3/../../../../arm-none-eabi/lib/armv7-m/libcr_c.a(_fflush.o)
 .ARM.attributes
                0x000004c8       0x33 /usr/local/lpcxpresso_7.8.0_426/lpcxpresso/tools/bin/../lib/gcc/arm-none-eabi/4.9.3/../../../../arm-none-eabi/lib/armv7-m/libcr_c.a(_writebuf.o)
 .ARM.attributes
                0x000004fb       0x33 /usr/local/lpcxpresso_7.8.0_426/lpcxpresso/tools/bin/../lib/gcc/arm-none-eabi/4.9.3/../../../../arm-none-eabi/lib/armv7-m/libcr_c.a(alloc.o)
 .ARM.attributes
                0x0000052e       0x33 /usr/local/lpcxpresso_7.8.0_426/lpcxpresso/tools/bin/../lib/gcc/arm-none-eabi/4.9.3/../../../../arm-none-eabi/lib/armv7-m/libcr_c.a(fclose.o)
 .ARM.attributes
                0x00000561       0x33 /usr/local/lpcxpresso_7.8.0_426/lpcxpresso/tools/bin/../lib/gcc/arm-none-eabi/4.9.3/../../../../arm-none-eabi/lib/armv7-m/libcr_c.a(fflush.o)
 .ARM.attributes
                0x00000594       0x33 /usr/local/lpcxpresso_7.8.0_426/lpcxpresso/tools/bin/../lib/gcc/arm-none-eabi/4.9.3/../../../../arm-none-eabi/lib/armv7-m/libcr_c.a(fseek.o)
 .ARM.attributes
                0x000005c7       0x33 /usr/local/lpcxpresso_7.8.0_426/lpcxpresso/tools/bin/../lib/gcc/arm-none-eabi/4.9.3/../../../../arm-none-eabi/lib/armv7-m/libcr_c.a(ftell.o)
 .ARM.attributes
                0x000005fa       0x33 /usr/local/lpcxpresso_7.8.0_426/lpcxpresso/tools/bin/../lib/gcc/arm-none-eabi/4.9.3/../../../../arm-none-eabi/lib/armv7-m/libcr_c.a(remove.o)
 .ARM.attributes
                0x0000062d       0x33 /usr/local/lpcxpresso_7.8.0_426/lpcxpresso/tools/bin/../lib/gcc/arm-none-eabi/4.9.3/../../../../arm-none-eabi/lib/armv7-m/libcr_c.a(strlen.o)
 .ARM.attributes
                0x00000660       0x33 /usr/local/lpcxpresso_7.8.0_426/lpcxpresso/tools/bin/../lib/gcc/arm-none-eabi/4.9.3/../../../../arm-none-eabi/lib/armv7-m/libcr_c.a(__init_alloc.o)
 .ARM.attributes
                0x00000693       0x33 /usr/local/lpcxpresso_7.8.0_426/lpcxpresso/tools/bin/../lib/gcc/arm-none-eabi/4.9.3/../../../../arm-none-eabi/lib/armv7-m/libcr_c.a(_cr_sbrk.o)
 .ARM.attributes
                0x000006c6       0x33 /usr/local/lpcxpresso_7.8.0_426/lpcxpresso/tools/bin/../lib/gcc/arm-none-eabi/4.9.3/../../../../arm-none-eabi/lib/armv7-m/libcr_c.a(_do_fflush.o)
 .ARM.attributes
                0x000006f9       0x33 /usr/local/lpcxpresso_7.8.0_426/lpcxpresso/tools/bin/../lib/gcc/arm-none-eabi/4.9.3/../../../../arm-none-eabi/lib/armv7-m/libcr_c.a(errno.o)
 .ARM.attributes
                0x0000072c       0x33 /usr/local/lpcxpresso_7.8.0_426/lpcxpresso/tools/bin/../lib/gcc/arm-none-eabi/4.9.3/../../../../arm-none-eabi/lib/armv7-m/libcr_c.a(_cr_check_heap.o)
 .ARM.attributes
                0x0000075f       0x21 /usr/local/lpcxpresso_7.8.0_426/lpcxpresso/tools/bin/../lib/gcc/arm-none-eabi/4.9.3/armv7-m/libcr_eabihelpers.a(memcpy.o)
 .ARM.attributes
                0x00000780       0x33 /usr/local/lpcxpresso_7.8.0_426/lpcxpresso/tools/bin/../lib/gcc/arm-none-eabi/4.9.3/../../../../arm-none-eabi/lib/armv7-m/libcr_nohost.a(__sys_appexit.o)
 .ARM.attributes
                0x000007b3       0x33 /usr/local/lpcxpresso_7.8.0_426/lpcxpresso/tools/bin/../lib/gcc/arm-none-eabi/4.9.3/../../../../arm-none-eabi/lib/armv7-m/libcr_nohost.a(__sys_close.o)
 .ARM.attributes
                0x000007e6       0x33 /usr/local/lpcxpresso_7.8.0_426/lpcxpresso/tools/bin/../lib/gcc/arm-none-eabi/4.9.3/../../../../arm-none-eabi/lib/armv7-m/libcr_nohost.a(__sys_flen.o)
 .ARM.attributes
                0x00000819       0x33 /usr/local/lpcxpresso_7.8.0_426/lpcxpresso/tools/bin/../lib/gcc/arm-none-eabi/4.9.3/../../../../arm-none-eabi/lib/armv7-m/libcr_nohost.a(__sys_istty.o)
 .ARM.attributes
                0x0000084c       0x33 /usr/local/lpcxpresso_7.8.0_426/lpcxpresso/tools/bin/../lib/gcc/arm-none-eabi/4.9.3/../../../../arm-none-eabi/lib/armv7-m/libcr_nohost.a(__sys_remove.o)
 .ARM.attributes
                0x0000087f       0x33 /usr/local/lpcxpresso_7.8.0_426/lpcxpresso/tools/bin/../lib/gcc/arm-none-eabi/4.9.3/../../../../arm-none-eabi/lib/armv7-m/libcr_nohost.a(__sys_seek.o)
 .ARM.attributes
                0x000008b2       0x33 /usr/local/lpcxpresso_7.8.0_426/lpcxpresso/tools/bin/../lib/gcc/arm-none-eabi/4.9.3/../../../../arm-none-eabi/lib/armv7-m/libcr_nohost.a(__sys_tmpnam.o)

.debug_frame    0x00000000     0x1b04
 .debug_frame   0x00000000      0x170 ./example/src/cr_startup_lpc175x_6x.o
 .debug_frame   0x00000170      0x12c ./example/src/hid_main.o
 .debug_frame   0x0000029c       0x34 ./example/src/sysinit.o
 .debug_frame   0x000002d0      0x5d4 /home/jaguar/Documents/FreeRtos/USB_project/pheri_usb_custom_proj/workspace3_BulkEP _cleanup/lpc_board_nxp_lpcxpresso_1769/Debug/liblpc_board_nxp_lpcxpresso_1769.a(board.o)
 .debug_frame   0x000008a4       0x8c /home/jaguar/Documents/FreeRtos/USB_project/pheri_usb_custom_proj/workspace3_BulkEP _cleanup/lpc_board_nxp_lpcxpresso_1769/Debug/liblpc_board_nxp_lpcxpresso_1769.a(board_sysinit.o)
 .debug_frame   0x00000930       0x88 /home/jaguar/Documents/FreeRtos/USB_project/pheri_usb_custom_proj/workspace3_BulkEP _cleanup/lpc_chip_175x_6x/Debug/liblpc_chip_175x_6x.a(chip_17xx_40xx.o)
 .debug_frame   0x000009b8      0x490 /home/jaguar/Documents/FreeRtos/USB_project/pheri_usb_custom_proj/workspace3_BulkEP _cleanup/lpc_chip_175x_6x/Debug/liblpc_chip_175x_6x.a(clock_17xx_40xx.o)
 .debug_frame   0x00000e48       0x88 /home/jaguar/Documents/FreeRtos/USB_project/pheri_usb_custom_proj/workspace3_BulkEP _cleanup/lpc_chip_175x_6x/Debug/liblpc_chip_175x_6x.a(iocon_17xx_40xx.o)
 .debug_frame   0x00000ed0      0x12c /home/jaguar/Documents/FreeRtos/USB_project/pheri_usb_custom_proj/workspace3_BulkEP _cleanup/lpc_chip_175x_6x/Debug/liblpc_chip_175x_6x.a(sysinit_17xx_40xx.o)
 .debug_frame   0x00000ffc      0x534 /home/jaguar/Documents/FreeRtos/USB_project/pheri_usb_custom_proj/workspace3_BulkEP _cleanup/lpc_chip_175x_6x/Debug/liblpc_chip_175x_6x.a(uart_17xx_40xx.o)
 .debug_frame   0x00001530      0x2cc /home/jaguar/Documents/FreeRtos/USB_project/pheri_usb_custom_proj/workspace3_BulkEP _cleanup/lpc_chip_175x_6x/libs/libusbd_175x_6x_lib.a(hw_usbd_ip3503.o)
 .debug_frame   0x000017fc      0x234 /home/jaguar/Documents/FreeRtos/USB_project/pheri_usb_custom_proj/workspace3_BulkEP _cleanup/lpc_chip_175x_6x/libs/libusbd_175x_6x_lib.a(mw_usbd_core.o)
 .debug_frame   0x00001a30       0xd4 /home/jaguar/Documents/FreeRtos/USB_project/pheri_usb_custom_proj/workspace3_BulkEP _cleanup/lpc_chip_175x_6x/libs/libusbd_175x_6x_lib.a(mw_usbd_hiduser.o)

.debug_loc      0x00000000     0x249d
 .debug_loc     0x00000000      0xf0b /home/jaguar/Documents/FreeRtos/USB_project/pheri_usb_custom_proj/workspace3_BulkEP _cleanup/lpc_chip_175x_6x/libs/libusbd_175x_6x_lib.a(hw_usbd_ip3503.o)
 .debug_loc     0x00000f0b      0xe2e /home/jaguar/Documents/FreeRtos/USB_project/pheri_usb_custom_proj/workspace3_BulkEP _cleanup/lpc_chip_175x_6x/libs/libusbd_175x_6x_lib.a(mw_usbd_core.o)
 .debug_loc     0x00001d39      0x764 /home/jaguar/Documents/FreeRtos/USB_project/pheri_usb_custom_proj/workspace3_BulkEP _cleanup/lpc_chip_175x_6x/libs/libusbd_175x_6x_lib.a(mw_usbd_hiduser.o)
